Archive member included to satisfy reference by file (symbol)

C:/ST/STM32CubeCLT_1.19.0/GNU-tools-for-STM32/bin/../lib/gcc/arm-none-eabi/13.3.1/thumb/v7e-m+fp/hard\libgcc.a(_aeabi_uldivmod.o)
                              cmake/stm32cubemx/CMakeFiles/STM32_Drivers.dir/C_/Users/david/STM32Cube/Repository/STM32Cube_FW_G4_V1.6.3/Drivers/STM32G4xx_HAL_Driver/Src/stm32g4xx_hal_uart.c.obj (__aeabi_uldivmod)
C:/ST/STM32CubeCLT_1.19.0/GNU-tools-for-STM32/bin/../lib/gcc/arm-none-eabi/13.3.1/thumb/v7e-m+fp/hard\libgcc.a(_udivmoddi4.o)
                              C:/ST/STM32CubeCLT_1.19.0/GNU-tools-for-STM32/bin/../lib/gcc/arm-none-eabi/13.3.1/thumb/v7e-m+fp/hard\libgcc.a(_aeabi_uldivmod.o) (__udivmoddi4)
C:/ST/STM32CubeCLT_1.19.0/GNU-tools-for-STM32/bin/../lib/gcc/arm-none-eabi/13.3.1/thumb/v7e-m+fp/hard\libgcc.a(_dvmd_tls.o)
                              C:/ST/STM32CubeCLT_1.19.0/GNU-tools-for-STM32/bin/../lib/gcc/arm-none-eabi/13.3.1/thumb/v7e-m+fp/hard\libgcc.a(_aeabi_uldivmod.o) (__aeabi_ldiv0)
C:/ST/STM32CubeCLT_1.19.0/GNU-tools-for-STM32/bin/../lib/gcc/arm-none-eabi/13.3.1/../../../../arm-none-eabi/lib/thumb/v7e-m+fp/hard\libg_nano.a(libc_a-exit.o)
                              C:/ST/STM32CubeCLT_1.19.0/GNU-tools-for-STM32/bin/../lib/gcc/arm-none-eabi/13.3.1/../../../../arm-none-eabi/lib/thumb/v7e-m+fp/hard/crt0.o (exit)
C:/ST/STM32CubeCLT_1.19.0/GNU-tools-for-STM32/bin/../lib/gcc/arm-none-eabi/13.3.1/../../../../arm-none-eabi/lib/thumb/v7e-m+fp/hard\libg_nano.a(libc_a-findfp.o)
                              C:/ST/STM32CubeCLT_1.19.0/GNU-tools-for-STM32/bin/../lib/gcc/arm-none-eabi/13.3.1/../../../../arm-none-eabi/lib/thumb/v7e-m+fp/hard\libg_nano.a(libc_a-exit.o) (__stdio_exit_handler)
C:/ST/STM32CubeCLT_1.19.0/GNU-tools-for-STM32/bin/../lib/gcc/arm-none-eabi/13.3.1/../../../../arm-none-eabi/lib/thumb/v7e-m+fp/hard\libg_nano.a(libc_a-fwalk.o)
                              C:/ST/STM32CubeCLT_1.19.0/GNU-tools-for-STM32/bin/../lib/gcc/arm-none-eabi/13.3.1/../../../../arm-none-eabi/lib/thumb/v7e-m+fp/hard\libg_nano.a(libc_a-findfp.o) (_fwalk_sglue)
C:/ST/STM32CubeCLT_1.19.0/GNU-tools-for-STM32/bin/../lib/gcc/arm-none-eabi/13.3.1/../../../../arm-none-eabi/lib/thumb/v7e-m+fp/hard\libg_nano.a(libc_a-stdio.o)
                              C:/ST/STM32CubeCLT_1.19.0/GNU-tools-for-STM32/bin/../lib/gcc/arm-none-eabi/13.3.1/../../../../arm-none-eabi/lib/thumb/v7e-m+fp/hard\libg_nano.a(libc_a-findfp.o) (__sread)
C:/ST/STM32CubeCLT_1.19.0/GNU-tools-for-STM32/bin/../lib/gcc/arm-none-eabi/13.3.1/../../../../arm-none-eabi/lib/thumb/v7e-m+fp/hard\libg_nano.a(libc_a-memset.o)
                              C:/ST/STM32CubeCLT_1.19.0/GNU-tools-for-STM32/bin/../lib/gcc/arm-none-eabi/13.3.1/../../../../arm-none-eabi/lib/thumb/v7e-m+fp/hard/crt0.o (memset)
C:/ST/STM32CubeCLT_1.19.0/GNU-tools-for-STM32/bin/../lib/gcc/arm-none-eabi/13.3.1/../../../../arm-none-eabi/lib/thumb/v7e-m+fp/hard\libg_nano.a(libc_a-closer.o)
                              C:/ST/STM32CubeCLT_1.19.0/GNU-tools-for-STM32/bin/../lib/gcc/arm-none-eabi/13.3.1/../../../../arm-none-eabi/lib/thumb/v7e-m+fp/hard\libg_nano.a(libc_a-stdio.o) (_close_r)
C:/ST/STM32CubeCLT_1.19.0/GNU-tools-for-STM32/bin/../lib/gcc/arm-none-eabi/13.3.1/../../../../arm-none-eabi/lib/thumb/v7e-m+fp/hard\libg_nano.a(libc_a-reent.o)
                              C:/ST/STM32CubeCLT_1.19.0/GNU-tools-for-STM32/bin/../lib/gcc/arm-none-eabi/13.3.1/../../../../arm-none-eabi/lib/thumb/v7e-m+fp/hard\libg_nano.a(libc_a-closer.o) (errno)
C:/ST/STM32CubeCLT_1.19.0/GNU-tools-for-STM32/bin/../lib/gcc/arm-none-eabi/13.3.1/../../../../arm-none-eabi/lib/thumb/v7e-m+fp/hard\libg_nano.a(libc_a-impure.o)
                              C:/ST/STM32CubeCLT_1.19.0/GNU-tools-for-STM32/bin/../lib/gcc/arm-none-eabi/13.3.1/../../../../arm-none-eabi/lib/thumb/v7e-m+fp/hard\libg_nano.a(libc_a-reent.o) (_impure_ptr)
C:/ST/STM32CubeCLT_1.19.0/GNU-tools-for-STM32/bin/../lib/gcc/arm-none-eabi/13.3.1/../../../../arm-none-eabi/lib/thumb/v7e-m+fp/hard\libg_nano.a(libc_a-lseekr.o)
                              C:/ST/STM32CubeCLT_1.19.0/GNU-tools-for-STM32/bin/../lib/gcc/arm-none-eabi/13.3.1/../../../../arm-none-eabi/lib/thumb/v7e-m+fp/hard\libg_nano.a(libc_a-stdio.o) (_lseek_r)
C:/ST/STM32CubeCLT_1.19.0/GNU-tools-for-STM32/bin/../lib/gcc/arm-none-eabi/13.3.1/../../../../arm-none-eabi/lib/thumb/v7e-m+fp/hard\libg_nano.a(libc_a-readr.o)
                              C:/ST/STM32CubeCLT_1.19.0/GNU-tools-for-STM32/bin/../lib/gcc/arm-none-eabi/13.3.1/../../../../arm-none-eabi/lib/thumb/v7e-m+fp/hard\libg_nano.a(libc_a-stdio.o) (_read_r)
C:/ST/STM32CubeCLT_1.19.0/GNU-tools-for-STM32/bin/../lib/gcc/arm-none-eabi/13.3.1/../../../../arm-none-eabi/lib/thumb/v7e-m+fp/hard\libg_nano.a(libc_a-writer.o)
                              C:/ST/STM32CubeCLT_1.19.0/GNU-tools-for-STM32/bin/../lib/gcc/arm-none-eabi/13.3.1/../../../../arm-none-eabi/lib/thumb/v7e-m+fp/hard\libg_nano.a(libc_a-stdio.o) (_write_r)
[...]
Memory Configuration

Name             Origin             Length             Attributes
RAM              0x20000000         0x00020000         xrw
FLASH            0x08000000         0x00080000         xr
*default*        0x00000000         0xffffffff

Linker script and memory map

LOAD C:/ST/STM32CubeCLT_1.19.0/GNU-tools-for-STM32/bin/../lib/gcc/arm-none-eabi/13.3.1/thumb/v7e-m+fp/hard/crti.o
LOAD C:/ST/STM32CubeCLT_1.19.0/GNU-tools-for-STM32/bin/../lib/gcc/arm-none-eabi/13.3.1/thumb/v7e-m+fp/hard/crtbegin.o
LOAD C:/ST/STM32CubeCLT_1.19.0/GNU-tools-for-STM32/bin/../lib/gcc/arm-none-eabi/13.3.1/../../../../arm-none-eabi/lib/thumb/v7e-m+fp/hard/crt0.o
LOAD cmake/stm32cubemx/CMakeFiles/STM32_Drivers.dir/__/__/Core/Src/system_stm32g4xx.c.obj
LOAD cmake/stm32cubemx/CMakeFiles/STM32_Drivers.dir/C_/Users/david/STM32Cube/Repository/STM32Cube_FW_G4_V1.6.3/Drivers/STM32G4xx_HAL_Driver/Src/stm32g4xx_hal_adc.c.obj
LOAD cmake/stm32cubemx/CMakeFiles/STM32_Drivers.dir/C_/Users/david/STM32Cube/Repository/STM32Cube_FW_G4_V1.6.3/Drivers/STM32G4xx_HAL_Driver/Src/stm32g4xx_hal_adc_ex.c.obj
LOAD cmake/stm32cubemx/CMakeFiles/STM32_Drivers.dir/C_/Users/david/STM32Cube/Repository/STM32Cube_FW_G4_V1.6.3/Drivers/STM32G4xx_HAL_Driver/Src/stm32g4xx_ll_adc.c.obj
LOAD cmake/stm32cubemx/CMakeFiles/STM32_Drivers.dir/C_/Users/david/STM32Cube/Repository/STM32Cube_FW_G4_V1.6.3/Drivers/STM32G4xx_HAL_Driver/Src/stm32g4xx_hal.c.obj
LOAD cmake/stm32cubemx/CMakeFiles/STM32_Drivers.dir/C_/Users/david/STM32Cube/Repository/STM32Cube_FW_G4_V1.6.3/Drivers/STM32G4xx_HAL_Driver/Src/stm32g4xx_hal_rcc.c.obj
LOAD cmake/stm32cubemx/CMakeFiles/STM32_Drivers.dir/C_/Users/david/STM32Cube/Repository/STM32Cube_FW_G4_V1.6.3/Drivers/STM32G4xx_HAL_Driver/Src/stm32g4xx_hal_rcc_ex.c.obj
LOAD cmake/stm32cubemx/CMakeFiles/STM32_Drivers.dir/C_/Users/david/STM32Cube/Repository/STM32Cube_FW_G4_V1.6.3/Drivers/STM32G4xx_HAL_Driver/Src/stm32g4xx_hal_flash.c.obj
LOAD cmake/stm32cubemx/CMakeFiles/STM32_Drivers.dir/C_/Users/david/STM32Cube/Repository/STM32Cube_FW_G4_V1.6.3/Drivers/STM32G4xx_HAL_Driver/Src/stm32g4xx_hal_flash_ex.c.obj
LOAD cmake/stm32cubemx/CMakeFiles/STM32_Drivers.dir/C_/Users/david/STM32Cube/Repository/STM32Cube_FW_G4_V1.6.3/Drivers/STM32G4xx_HAL_Driver/Src/stm32g4xx_hal_flash_ramfunc.c.obj
LOAD cmake/stm32cubemx/CMakeFiles/STM32_Drivers.dir/C_/Users/david/STM32Cube/Repository/STM32Cube_FW_G4_V1.6.3/Drivers/STM32G4xx_HAL_Driver/Src/stm32g4xx_hal_gpio.c.obj
LOAD cmake/stm32cubemx/CMakeFiles/STM32_Drivers.dir/C_/Users/david/STM32Cube/Repository/STM32Cube_FW_G4_V1.6.3/Drivers/STM32G4xx_HAL_Driver/Src/stm32g4xx_hal_exti.c.obj
LOAD cmake/stm32cubemx/CMakeFiles/STM32_Drivers.dir/C_/Users/david/STM32Cube/Repository/STM32Cube_FW_G4_V1.6.3/Drivers/STM32G4xx_HAL_Driver/Src/stm32g4xx_hal_dma.c.obj
LOAD cmake/stm32cubemx/CMakeFiles/STM32_Drivers.dir/C_/Users/david/STM32Cube/Repository/STM32Cube_FW_G4_V1.6.3/Drivers/STM32G4xx_HAL_Driver/Src/stm32g4xx_hal_dma_ex.c.obj
LOAD cmake/stm32cubemx/CMakeFiles/STM32_Drivers.dir/C_/Users/david/STM32Cube/Repository/STM32Cube_FW_G4_V1.6.3/Drivers/STM32G4xx_HAL_Driver/Src/stm32g4xx_hal_pwr.c.obj
LOAD cmake/stm32cubemx/CMakeFiles/STM32_Drivers.dir/C_/Users/david/STM32Cube/Repository/STM32Cube_FW_G4_V1.6.3/Drivers/STM32G4xx_HAL_Driver/Src/stm32g4xx_hal_pwr_ex.c.obj
LOAD cmake/stm32cubemx/CMakeFiles/STM32_Drivers.dir/C_/Users/david/STM32Cube/Repository/STM32Cube_FW_G4_V1.6.3/Drivers/STM32G4xx_HAL_Driver/Src/stm32g4xx_hal_cortex.c.obj
LOAD cmake/stm32cubemx/CMakeFiles/STM32_Drivers.dir/C_/Users/david/STM32Cube/Repository/STM32Cube_FW_G4_V1.6.3/Drivers/STM32G4xx_HAL_Driver/Src/stm32g4xx_hal_fdcan.c.obj
LOAD cmake/stm32cubemx/CMakeFiles/STM32_Drivers.dir/C_/Users/david/STM32Cube/Repository/STM32Cube_FW_G4_V1.6.3/Drivers/STM32G4xx_HAL_Driver/Src/stm32g4xx_hal_usart.c.obj
LOAD cmake/stm32cubemx/CMakeFiles/STM32_Drivers.dir/C_/Users/david/STM32Cube/Repository/STM32Cube_FW_G4_V1.6.3/Drivers/STM32G4xx_HAL_Driver/Src/stm32g4xx_hal_usart_ex.c.obj
LOAD cmake/stm32cubemx/CMakeFiles/STM32_Drivers.dir/C_/Users/david/STM32Cube/Repository/STM32Cube_FW_G4_V1.6.3/Drivers/STM32G4xx_HAL_Driver/Src/stm32g4xx_hal_uart_ex.c.obj
LOAD cmake/stm32cubemx/CMakeFiles/STM32_Drivers.dir/C_/Users/david/STM32Cube/Repository/STM32Cube_FW_G4_V1.6.3/Drivers/STM32G4xx_HAL_Driver/Src/stm32g4xx_hal_uart.c.obj
LOAD cmake/stm32cubemx/CMakeFiles/STM32_Drivers.dir/C_/Users/david/STM32Cube/Repository/STM32Cube_FW_G4_V1.6.3/Drivers/BSP/STM32G4xx_Nucleo/stm32g4xx_nucleo.c.obj
LOAD CMakeFiles/VCU.dir/Core/Src/main.c.obj
LOAD CMakeFiles/VCU.dir/Core/Src/gpio.c.obj
LOAD CMakeFiles/VCU.dir/Core/Src/adc.c.obj
LOAD CMakeFiles/VCU.dir/Core/Src/fdcan.c.obj
LOAD CMakeFiles/VCU.dir/Core/Src/stm32g4xx_it.c.obj
LOAD CMakeFiles/VCU.dir/Core/Src/stm32g4xx_hal_msp.c.obj
LOAD CMakeFiles/VCU.dir/Core/Src/sysmem.c.obj
LOAD CMakeFiles/VCU.dir/Core/Src/syscalls.c.obj
LOAD CMakeFiles/VCU.dir/startup_stm32g474xx.s.obj
LOAD C:/ST/STM32CubeCLT_1.19.0/GNU-tools-for-STM32/bin/../lib/gcc/arm-none-eabi/13.3.1/../../../../arm-none-eabi/lib/thumb/v7e-m+fp/hard\libm.a
START GROUP
LOAD C:/ST/STM32CubeCLT_1.19.0/GNU-tools-for-STM32/bin/../lib/gcc/arm-none-eabi/13.3.1/thumb/v7e-m+fp/hard\libgcc.a
LOAD C:/ST/STM32CubeCLT_1.19.0/GNU-tools-for-STM32/bin/../lib/gcc/arm-none-eabi/13.3.1/../../../../arm-none-eabi/lib/thumb/v7e-m+fp/hard\libg_nano.a
LOAD C:/ST/STM32CubeCLT_1.19.0/GNU-tools-for-STM32/bin/../lib/gcc/arm-none-eabi/13.3.1/../../../../arm-none-eabi/lib/thumb/v7e-m+fp/hard\libc_nano.a
END GROUP
START GROUP
LOAD C:/ST/STM32CubeCLT_1.19.0/GNU-tools-for-STM32/bin/../lib/gcc/arm-none-eabi/13.3.1/thumb/v7e-m+fp/hard\libgcc.a
LOAD C:/ST/STM32CubeCLT_1.19.0/GNU-tools-for-STM32/bin/../lib/gcc/arm-none-eabi/13.3.1/../../../../arm-none-eabi/lib/thumb/v7e-m+fp/hard\libc_nano.a
END GROUP
LOAD C:/ST/STM32CubeCLT_1.19.0/GNU-tools-for-STM32/bin/../lib/gcc/arm-none-eabi/13.3.1/thumb/v7e-m+fp/hard/crtend.o
LOAD C:/ST/STM32CubeCLT_1.19.0/GNU-tools-for-STM32/bin/../lib/gcc/arm-none-eabi/13.3.1/thumb/v7e-m+fp/hard/crtn.o
                0x20020000                        _estack = (ORIGIN (RAM) + LENGTH (RAM))
                0x00000200                        _Min_Heap_Size = 0x200
                0x00000400                        _Min_Stack_Size = 0x400

.isr_vector     0x08000000      0x1d8
                0x08000000                        . = ALIGN (0x4)
 *(.isr_vector)
 .isr_vector    0x08000000      0x1d8 CMakeFiles/VCU.dir/startup_stm32g474xx.s.obj
                0x08000000                g_pfnVectors
                0x080001d8                        . = ALIGN (0x4)

.text           0x080001d8     0x6e88
                0x080001d8                        . = ALIGN (0x4)
 *(.text)
 .text          0x080001d8       0x40 C:/ST/STM32CubeCLT_1.19.0/GNU-tools-for-STM32/bin/../lib/gcc/arm-none-eabi/13.3.1/thumb/v7e-m+fp/hard/crtbegin.o
 .text          0x08000218       0x30 C:/ST/STM32CubeCLT_1.19.0/GNU-tools-for-STM32/bin/../lib/gcc/arm-none-eabi/13.3.1/thumb/v7e-m+fp/hard\libgcc.a(_aeabi_uldivmod.o)
                0x08000218                __aeabi_uldivmod
 .text          0x08000248      0x2f8 C:/ST/STM32CubeCLT_1.19.0/GNU-tools-for-STM32/bin/../lib/gcc/arm-none-eabi/13.3.1/thumb/v7e-m+fp/hard\libgcc.a(_udivmoddi4.o)
                0x08000248                __udivmoddi4
 .text          0x08000540        0x4 C:/ST/STM32CubeCLT_1.19.0/GNU-tools-for-STM32/bin/../lib/gcc/arm-none-eabi/13.3.1/thumb/v7e-m+fp/hard\libgcc.a(_dvmd_tls.o)
                0x08000540                __aeabi_idiv0
                0x08000540                __aeabi_ldiv0
 *(.text*)
 .text.SystemInit
                0x08000544       0x24 cmake/stm32cubemx/CMakeFiles/STM32_Drivers.dir/__/__/Core/Src/system_stm32g4xx.c.obj
                0x08000544                SystemInit
 .text.LL_ADC_SetCommonClock
                0x08000568       0x26 cmake/stm32cubemx/CMakeFiles/STM32_Drivers.dir/C_/Users/david/STM32Cube/Repository/STM32Cube_FW_G4_V1.6.3/Drivers/STM32G4xx_HAL_Driver/Src/stm32g4xx_hal_adc.c.obj
 .text.LL_ADC_SetCommonPathInternalCh
                0x0800058e       0x26 cmake/stm32cubemx/CMakeFiles/STM32_Drivers.dir/C_/Users/david/STM32Cube/Repository/STM32Cube_FW_G4_V1.6.3/Drivers/STM32G4xx_HAL_Driver/Src/stm32g4xx_hal_adc.c.obj
 .text.LL_ADC_GetCommonPathInternalCh
                0x080005b4       0x1c cmake/stm32cubemx/CMakeFiles/STM32_Drivers.dir/C_/Users/david/STM32Cube/Repository/STM32Cube_FW_G4_V1.6.3/Drivers/STM32G4xx_HAL_Driver/Src/stm32g4xx_hal_adc.c.obj
 .text.LL_ADC_GetResolution
                0x080005d0       0x1c cmake/stm32cubemx/CMakeFiles/STM32_Drivers.dir/C_/Users/david/STM32Cube/Repository/STM32Cube_FW_G4_V1.6.3/Drivers/STM32G4xx_HAL_Driver/Src/stm32g4xx_hal_adc.c.obj
 .text.LL_ADC_SetOffset
                0x080005ec       0x48 cmake/stm32cubemx/CMakeFiles/STM32_Drivers.dir/C_/Users/david/STM32Cube/Repository/STM32Cube_FW_G4_V1.6.3/Drivers/STM32G4xx_HAL_Driver/Src/stm32g4xx_hal_adc.c.obj
 .text.LL_ADC_GetOffsetChannel
                0x08000634       0x2c cmake/stm32cubemx/CMakeFiles/STM32_Drivers.dir/C_/Users/david/STM32Cube/Repository/STM32Cube_FW_G4_V1.6.3/Drivers/STM32G4xx_HAL_Driver/Src/stm32g4xx_hal_adc.c.obj
 .text.LL_ADC_SetOffsetState
                0x08000660       0x36 cmake/stm32cubemx/CMakeFiles/STM32_Drivers.dir/C_/Users/david/STM32Cube/Repository/STM32Cube_FW_G4_V1.6.3/Drivers/STM32G4xx_HAL_Driver/Src/stm32g4xx_hal_adc.c.obj
 .text.LL_ADC_SetOffsetSign
                0x08000696       0x36 cmake/stm32cubemx/CMakeFiles/STM32_Drivers.dir/C_/Users/david/STM32Cube/Repository/STM32Cube_FW_G4_V1.6.3/Drivers/STM32G4xx_HAL_Driver/Src/stm32g4xx_hal_adc.c.obj
 .text.LL_ADC_SetOffsetSaturation
                0x080006cc       0x36 cmake/stm32cubemx/CMakeFiles/STM32_Drivers.dir/C_/Users/david/STM32Cube/Repository/STM32Cube_FW_G4_V1.6.3/Drivers/STM32G4xx_HAL_Driver/Src/stm32g4xx_hal_adc.c.obj
 .text.LL_ADC_SetSamplingTimeCommonConfig
                0x08000702       0x26 cmake/stm32cubemx/CMakeFiles/STM32_Drivers.dir/C_/Users/david/STM32Cube/Repository/STM32Cube_FW_G4_V1.6.3/Drivers/STM32G4xx_HAL_Driver/Src/stm32g4xx_hal_adc.c.obj
 .text.LL_ADC_REG_IsTriggerSourceSWStart
                0x08000728       0x26 cmake/stm32cubemx/CMakeFiles/STM32_Drivers.dir/C_/Users/david/STM32Cube/Repository/STM32Cube_FW_G4_V1.6.3/Drivers/STM32G4xx_HAL_Driver/Src/stm32g4xx_hal_adc.c.obj
 .text.LL_ADC_REG_SetSequencerRanks
                0x0800074e       0x58 cmake/stm32cubemx/CMakeFiles/STM32_Drivers.dir/C_/Users/david/STM32Cube/Repository/STM32Cube_FW_G4_V1.6.3/Drivers/STM32G4xx_HAL_Driver/Src/stm32g4xx_hal_adc.c.obj
 .text.LL_ADC_INJ_IsTriggerSourceSWStart
                0x080007a6       0x26 cmake/stm32cubemx/CMakeFiles/STM32_Drivers.dir/C_/Users/david/STM32Cube/Repository/STM32Cube_FW_G4_V1.6.3/Drivers/STM32G4xx_HAL_Driver/Src/stm32g4xx_hal_adc.c.obj
 .text.LL_ADC_SetChannelSamplingTime
                0x080007cc       0x56 cmake/stm32cubemx/CMakeFiles/STM32_Drivers.dir/C_/Users/david/STM32Cube/Repository/STM32Cube_FW_G4_V1.6.3/Drivers/STM32G4xx_HAL_Driver/Src/stm32g4xx_hal_adc.c.obj
 *fill*         0x08000822        0x2 
 .text.LL_ADC_SetChannelSingleDiff
                0x08000824       0x48 cmake/stm32cubemx/CMakeFiles/STM32_Drivers.dir/C_/Users/david/STM32Cube/Repository/STM32Cube_FW_G4_V1.6.3/Drivers/STM32G4xx_HAL_Driver/Src/stm32g4xx_hal_adc.c.obj
 .text.LL_ADC_GetMultimode
                0x0800086c       0x1c cmake/stm32cubemx/CMakeFiles/STM32_Drivers.dir/C_/Users/david/STM32Cube/Repository/STM32Cube_FW_G4_V1.6.3/Drivers/STM32G4xx_HAL_Driver/Src/stm32g4xx_hal_adc.c.obj
 .text.LL_ADC_GetMultiDMATransfer
                0x08000888       0x1c cmake/stm32cubemx/CMakeFiles/STM32_Drivers.dir/C_/Users/david/STM32Cube/Repository/STM32Cube_FW_G4_V1.6.3/Drivers/STM32G4xx_HAL_Driver/Src/stm32g4xx_hal_adc.c.obj
 .text.LL_ADC_DisableDeepPowerDown
                0x080008a4       0x24 cmake/stm32cubemx/CMakeFiles/STM32_Drivers.dir/C_/Users/david/STM32Cube/Repository/STM32Cube_FW_G4_V1.6.3/Drivers/STM32G4xx_HAL_Driver/Src/stm32g4xx_hal_adc.c.obj
 .text.LL_ADC_IsDeepPowerDownEnabled
                0x080008c8       0x28 cmake/stm32cubemx/CMakeFiles/STM32_Drivers.dir/C_/Users/david/STM32Cube/Repository/STM32Cube_FW_G4_V1.6.3/Drivers/STM32G4xx_HAL_Driver/Src/stm32g4xx_hal_adc.c.obj
 .text.LL_ADC_EnableInternalRegulator
                0x080008f0       0x28 cmake/stm32cubemx/CMakeFiles/STM32_Drivers.dir/C_/Users/david/STM32Cube/Repository/STM32Cube_FW_G4_V1.6.3/Drivers/STM32G4xx_HAL_Driver/Src/stm32g4xx_hal_adc.c.obj
 .text.LL_ADC_IsInternalRegulatorEnabled
                0x08000918       0x28 cmake/stm32cubemx/CMakeFiles/STM32_Drivers.dir/C_/Users/david/STM32Cube/Repository/STM32Cube_FW_G4_V1.6.3/Drivers/STM32G4xx_HAL_Driver/Src/stm32g4xx_hal_adc.c.obj
 .text.LL_ADC_IsEnabled
                0x08000940       0x26 cmake/stm32cubemx/CMakeFiles/STM32_Drivers.dir/C_/Users/david/STM32Cube/Repository/STM32Cube_FW_G4_V1.6.3/Drivers/STM32G4xx_HAL_Driver/Src/stm32g4xx_hal_adc.c.obj
 .text.LL_ADC_REG_IsConversionOngoing
                0x08000966       0x26 cmake/stm32cubemx/CMakeFiles/STM32_Drivers.dir/C_/Users/david/STM32Cube/Repository/STM32Cube_FW_G4_V1.6.3/Drivers/STM32G4xx_HAL_Driver/Src/stm32g4xx_hal_adc.c.obj
 .text.LL_ADC_INJ_IsConversionOngoing
                0x0800098c       0x26 cmake/stm32cubemx/CMakeFiles/STM32_Drivers.dir/C_/Users/david/STM32Cube/Repository/STM32Cube_FW_G4_V1.6.3/Drivers/STM32G4xx_HAL_Driver/Src/stm32g4xx_hal_adc.c.obj
 *fill*         0x080009b2        0x2 
 .text.HAL_ADC_Init
                0x080009b4      0x940 cmake/stm32cubemx/CMakeFiles/STM32_Drivers.dir/C_/Users/david/STM32Cube/Repository/STM32Cube_FW_G4_V1.6.3/Drivers/STM32G4xx_HAL_Driver/Src/stm32g4xx_hal_adc.c.obj
                0x080009b4                HAL_ADC_Init
 .text.HAL_ADC_IRQHandler
                0x080012f4      0x520 cmake/stm32cubemx/CMakeFiles/STM32_Drivers.dir/C_/Users/david/STM32Cube/Repository/STM32Cube_FW_G4_V1.6.3/Drivers/STM32G4xx_HAL_Driver/Src/stm32g4xx_hal_adc.c.obj
                0x080012f4                HAL_ADC_IRQHandler
 .text.HAL_ADC_ConvCpltCallback
                0x08001814       0x14 cmake/stm32cubemx/CMakeFiles/STM32_Drivers.dir/C_/Users/david/STM32Cube/Repository/STM32Cube_FW_G4_V1.6.3/Drivers/STM32G4xx_HAL_Driver/Src/stm32g4xx_hal_adc.c.obj
                0x08001814                HAL_ADC_ConvCpltCallback
 .text.HAL_ADC_LevelOutOfWindowCallback
                0x08001828       0x14 cmake/stm32cubemx/CMakeFiles/STM32_Drivers.dir/C_/Users/david/STM32Cube/Repository/STM32Cube_FW_G4_V1.6.3/Drivers/STM32G4xx_HAL_Driver/Src/stm32g4xx_hal_adc.c.obj
                0x08001828                HAL_ADC_LevelOutOfWindowCallback
 .text.HAL_ADC_ErrorCallback
                0x0800183c       0x14 cmake/stm32cubemx/CMakeFiles/STM32_Drivers.dir/C_/Users/david/STM32Cube/Repository/STM32Cube_FW_G4_V1.6.3/Drivers/STM32G4xx_HAL_Driver/Src/stm32g4xx_hal_adc.c.obj
                0x0800183c                HAL_ADC_ErrorCallback
 .text.HAL_ADC_ConfigChannel
                0x08001850      0xf70 cmake/stm32cubemx/CMakeFiles/STM32_Drivers.dir/C_/Users/david/STM32Cube/Repository/STM32Cube_FW_G4_V1.6.3/Drivers/STM32G4xx_HAL_Driver/Src/stm32g4xx_hal_adc.c.obj
                0x08001850                HAL_ADC_ConfigChannel
 .text.LL_ADC_IsEnabled
                0x080027c0       0x26 cmake/stm32cubemx/CMakeFiles/STM32_Drivers.dir/C_/Users/david/STM32Cube/Repository/STM32Cube_FW_G4_V1.6.3/Drivers/STM32G4xx_HAL_Driver/Src/stm32g4xx_hal_adc_ex.c.obj
 .text.LL_ADC_REG_IsConversionOngoing
                0x080027e6       0x26 cmake/stm32cubemx/CMakeFiles/STM32_Drivers.dir/C_/Users/david/STM32Cube/Repository/STM32Cube_FW_G4_V1.6.3/Drivers/STM32G4xx_HAL_Driver/Src/stm32g4xx_hal_adc_ex.c.obj
 .text.HAL_ADCEx_InjectedConvCpltCallback
                0x0800280c       0x14 cmake/stm32cubemx/CMakeFiles/STM32_Drivers.dir/C_/Users/david/STM32Cube/Repository/STM32Cube_FW_G4_V1.6.3/Drivers/STM32G4xx_HAL_Driver/Src/stm32g4xx_hal_adc_ex.c.obj
                0x0800280c                HAL_ADCEx_InjectedConvCpltCallback
 .text.HAL_ADCEx_InjectedQueueOverflowCallback
                0x08002820       0x14 cmake/stm32cubemx/CMakeFiles/STM32_Drivers.dir/C_/Users/david/STM32Cube/Repository/STM32Cube_FW_G4_V1.6.3/Drivers/STM32G4xx_HAL_Driver/Src/stm32g4xx_hal_adc_ex.c.obj
                0x08002820                HAL_ADCEx_InjectedQueueOverflowCallback
 .text.HAL_ADCEx_LevelOutOfWindow2Callback
                0x08002834       0x14 cmake/stm32cubemx/CMakeFiles/STM32_Drivers.dir/C_/Users/david/STM32Cube/Repository/STM32Cube_FW_G4_V1.6.3/Drivers/STM32G4xx_HAL_Driver/Src/stm32g4xx_hal_adc_ex.c.obj
                0x08002834                HAL_ADCEx_LevelOutOfWindow2Callback
 .text.HAL_ADCEx_LevelOutOfWindow3Callback
                0x08002848       0x14 cmake/stm32cubemx/CMakeFiles/STM32_Drivers.dir/C_/Users/david/STM32Cube/Repository/STM32Cube_FW_G4_V1.6.3/Drivers/STM32G4xx_HAL_Driver/Src/stm32g4xx_hal_adc_ex.c.obj
                0x08002848                HAL_ADCEx_LevelOutOfWindow3Callback
 .text.HAL_ADCEx_EndOfSamplingCallback
                0x0800285c       0x14 cmake/stm32cubemx/CMakeFiles/STM32_Drivers.dir/C_/Users/david/STM32Cube/Repository/STM32Cube_FW_G4_V1.6.3/Drivers/STM32G4xx_HAL_Driver/Src/stm32g4xx_hal_adc_ex.c.obj
                0x0800285c                HAL_ADCEx_EndOfSamplingCallback
 .text.HAL_ADCEx_MultiModeConfigChannel
                0x08002870      0x33c cmake/stm32cubemx/CMakeFiles/STM32_Drivers.dir/C_/Users/david/STM32Cube/Repository/STM32Cube_FW_G4_V1.6.3/Drivers/STM32G4xx_HAL_Driver/Src/stm32g4xx_hal_adc_ex.c.obj
                0x08002870                HAL_ADCEx_MultiModeConfigChannel
 .text.HAL_Init
                0x08002bac       0x30 cmake/stm32cubemx/CMakeFiles/STM32_Drivers.dir/C_/Users/david/STM32Cube/Repository/STM32Cube_FW_G4_V1.6.3/Drivers/STM32G4xx_HAL_Driver/Src/stm32g4xx_hal.c.obj
                0x08002bac                HAL_Init
 .text.HAL_InitTick
                0x08002bdc       0x74 cmake/stm32cubemx/CMakeFiles/STM32_Drivers.dir/C_/Users/david/STM32Cube/Repository/STM32Cube_FW_G4_V1.6.3/Drivers/STM32G4xx_HAL_Driver/Src/stm32g4xx_hal.c.obj
                0x08002bdc                HAL_InitTick
 .text.HAL_IncTick
                0x08002c50       0x24 cmake/stm32cubemx/CMakeFiles/STM32_Drivers.dir/C_/Users/david/STM32Cube/Repository/STM32Cube_FW_G4_V1.6.3/Drivers/STM32G4xx_HAL_Driver/Src/stm32g4xx_hal.c.obj
                0x08002c50                HAL_IncTick
 .text.HAL_GetTick
                0x08002c74       0x18 cmake/stm32cubemx/CMakeFiles/STM32_Drivers.dir/C_/Users/david/STM32Cube/Repository/STM32Cube_FW_G4_V1.6.3/Drivers/STM32G4xx_HAL_Driver/Src/stm32g4xx_hal.c.obj
                0x08002c74                HAL_GetTick
 .text.HAL_RCC_OscConfig
                0x08002c8c      0x818 cmake/stm32cubemx/CMakeFiles/STM32_Drivers.dir/C_/Users/david/STM32Cube/Repository/STM32Cube_FW_G4_V1.6.3/Drivers/STM32G4xx_HAL_Driver/Src/stm32g4xx_hal_rcc.c.obj
                0x08002c8c                HAL_RCC_OscConfig
 .text.HAL_RCC_ClockConfig
                0x080034a4      0x3fc cmake/stm32cubemx/CMakeFiles/STM32_Drivers.dir/C_/Users/david/STM32Cube/Repository/STM32Cube_FW_G4_V1.6.3/Drivers/STM32G4xx_HAL_Driver/Src/stm32g4xx_hal_rcc.c.obj
                0x080034a4                HAL_RCC_ClockConfig
 .text.HAL_RCC_GetSysClockFreq
                0x080038a0       0xc4 cmake/stm32cubemx/CMakeFiles/STM32_Drivers.dir/C_/Users/david/STM32Cube/Repository/STM32Cube_FW_G4_V1.6.3/Drivers/STM32G4xx_HAL_Driver/Src/stm32g4xx_hal_rcc.c.obj
                0x080038a0                HAL_RCC_GetSysClockFreq
 .text.HAL_RCC_GetHCLKFreq
                0x08003964       0x18 cmake/stm32cubemx/CMakeFiles/STM32_Drivers.dir/C_/Users/david/STM32Cube/Repository/STM32Cube_FW_G4_V1.6.3/Drivers/STM32G4xx_HAL_Driver/Src/stm32g4xx_hal_rcc.c.obj
                0x08003964                HAL_RCC_GetHCLKFreq
 .text.HAL_RCC_GetPCLK1Freq
                0x0800397c       0x2c cmake/stm32cubemx/CMakeFiles/STM32_Drivers.dir/C_/Users/david/STM32Cube/Repository/STM32Cube_FW_G4_V1.6.3/Drivers/STM32G4xx_HAL_Driver/Src/stm32g4xx_hal_rcc.c.obj
                0x0800397c                HAL_RCC_GetPCLK1Freq
 .text.HAL_RCC_GetPCLK2Freq
                0x080039a8       0x2c cmake/stm32cubemx/CMakeFiles/STM32_Drivers.dir/C_/Users/david/STM32Cube/Repository/STM32Cube_FW_G4_V1.6.3/Drivers/STM32G4xx_HAL_Driver/Src/stm32g4xx_hal_rcc.c.obj
                0x080039a8                HAL_RCC_GetPCLK2Freq
 .text.RCC_GetSysClockFreqFromPLLSource
                0x080039d4       0x8c cmake/stm32cubemx/CMakeFiles/STM32_Drivers.dir/C_/Users/david/STM32Cube/Repository/STM32Cube_FW_G4_V1.6.3/Drivers/STM32G4xx_HAL_Driver/Src/stm32g4xx_hal_rcc.c.obj
 .text.HAL_RCCEx_PeriphCLKConfig
                0x08003a60      0x8d0 cmake/stm32cubemx/CMakeFiles/STM32_Drivers.dir/C_/Users/david/STM32Cube/Repository/STM32Cube_FW_G4_V1.6.3/Drivers/STM32G4xx_HAL_Driver/Src/stm32g4xx_hal_rcc_ex.c.obj
                0x08003a60                HAL_RCCEx_PeriphCLKConfig
 .text.HAL_GPIO_Init
                0x08004330      0x4bc cmake/stm32cubemx/CMakeFiles/STM32_Drivers.dir/C_/Users/david/STM32Cube/Repository/STM32Cube_FW_G4_V1.6.3/Drivers/STM32G4xx_HAL_Driver/Src/stm32g4xx_hal_gpio.c.obj
                0x08004330                HAL_GPIO_Init
 .text.HAL_GPIO_WritePin
                0x080047ec       0x58 cmake/stm32cubemx/CMakeFiles/STM32_Drivers.dir/C_/Users/david/STM32Cube/Repository/STM32Cube_FW_G4_V1.6.3/Drivers/STM32G4xx_HAL_Driver/Src/stm32g4xx_hal_gpio.c.obj
                0x080047ec                HAL_GPIO_WritePin
 .text.HAL_EXTI_RegisterCallback
                0x08004844       0x4c cmake/stm32cubemx/CMakeFiles/STM32_Drivers.dir/C_/Users/david/STM32Cube/Repository/STM32Cube_FW_G4_V1.6.3/Drivers/STM32G4xx_HAL_Driver/Src/stm32g4xx_hal_exti.c.obj
                0x08004844                HAL_EXTI_RegisterCallback
 .text.HAL_EXTI_GetHandle
                0x08004890       0x78 cmake/stm32cubemx/CMakeFiles/STM32_Drivers.dir/C_/Users/david/STM32Cube/Repository/STM32Cube_FW_G4_V1.6.3/Drivers/STM32G4xx_HAL_Driver/Src/stm32g4xx_hal_exti.c.obj
                0x08004890                HAL_EXTI_GetHandle
 .text.HAL_PWREx_ControlVoltageScaling
                0x08004908      0x168 cmake/stm32cubemx/CMakeFiles/STM32_Drivers.dir/C_/Users/david/STM32Cube/Repository/STM32Cube_FW_G4_V1.6.3/Drivers/STM32G4xx_HAL_Driver/Src/stm32g4xx_hal_pwr_ex.c.obj
                0x08004908                HAL_PWREx_ControlVoltageScaling
 .text.HAL_PWREx_DisableUCPDDeadBattery
                0x08004a70       0x20 cmake/stm32cubemx/CMakeFiles/STM32_Drivers.dir/C_/Users/david/STM32Cube/Repository/STM32Cube_FW_G4_V1.6.3/Drivers/STM32G4xx_HAL_Driver/Src/stm32g4xx_hal_pwr_ex.c.obj
                0x08004a70                HAL_PWREx_DisableUCPDDeadBattery
 .text.__NVIC_SetPriorityGrouping
                0x08004a90       0x48 cmake/stm32cubemx/CMakeFiles/STM32_Drivers.dir/C_/Users/david/STM32Cube/Repository/STM32Cube_FW_G4_V1.6.3/Drivers/STM32G4xx_HAL_Driver/Src/stm32g4xx_hal_cortex.c.obj
 .text.__NVIC_GetPriorityGrouping
                0x08004ad8       0x1c cmake/stm32cubemx/CMakeFiles/STM32_Drivers.dir/C_/Users/david/STM32Cube/Repository/STM32Cube_FW_G4_V1.6.3/Drivers/STM32G4xx_HAL_Driver/Src/stm32g4xx_hal_cortex.c.obj
 .text.__NVIC_EnableIRQ
                0x08004af4       0x3c cmake/stm32cubemx/CMakeFiles/STM32_Drivers.dir/C_/Users/david/STM32Cube/Repository/STM32Cube_FW_G4_V1.6.3/Drivers/STM32G4xx_HAL_Driver/Src/stm32g4xx_hal_cortex.c.obj
 .text.__NVIC_SetPriority
                0x08004b30       0x54 cmake/stm32cubemx/CMakeFiles/STM32_Drivers.dir/C_/Users/david/STM32Cube/Repository/STM32Cube_FW_G4_V1.6.3/Drivers/STM32G4xx_HAL_Driver/Src/stm32g4xx_hal_cortex.c.obj
 .text.NVIC_EncodePriority
                0x08004b84       0x66 cmake/stm32cubemx/CMakeFiles/STM32_Drivers.dir/C_/Users/david/STM32Cube/Repository/STM32Cube_FW_G4_V1.6.3/Drivers/STM32G4xx_HAL_Driver/Src/stm32g4xx_hal_cortex.c.obj
 *fill*         0x08004bea        0x2 
 .text.SysTick_Config
                0x08004bec       0x44 cmake/stm32cubemx/CMakeFiles/STM32_Drivers.dir/C_/Users/david/STM32Cube/Repository/STM32Cube_FW_G4_V1.6.3/Drivers/STM32G4xx_HAL_Driver/Src/stm32g4xx_hal_cortex.c.obj
 .text.HAL_NVIC_SetPriorityGrouping
                0x08004c30       0x40 cmake/stm32cubemx/CMakeFiles/STM32_Drivers.dir/C_/Users/david/STM32Cube/Repository/STM32Cube_FW_G4_V1.6.3/Drivers/STM32G4xx_HAL_Driver/Src/stm32g4xx_hal_cortex.c.obj
                0x08004c30                HAL_NVIC_SetPriorityGrouping
 .text.HAL_NVIC_SetPriority
                0x08004c70       0x54 cmake/stm32cubemx/CMakeFiles/STM32_Drivers.dir/C_/Users/david/STM32Cube/Repository/STM32Cube_FW_G4_V1.6.3/Drivers/STM32G4xx_HAL_Driver/Src/stm32g4xx_hal_cortex.c.obj
                0x08004c70                HAL_NVIC_SetPriority
 .text.HAL_NVIC_EnableIRQ
                0x08004cc4       0x30 cmake/stm32cubemx/CMakeFiles/STM32_Drivers.dir/C_/Users/david/STM32Cube/Repository/STM32Cube_FW_G4_V1.6.3/Drivers/STM32G4xx_HAL_Driver/Src/stm32g4xx_hal_cortex.c.obj
                0x08004cc4                HAL_NVIC_EnableIRQ
 .text.HAL_SYSTICK_Config
                0x08004cf4       0x18 cmake/stm32cubemx/CMakeFiles/STM32_Drivers.dir/C_/Users/david/STM32Cube/Repository/STM32Cube_FW_G4_V1.6.3/Drivers/STM32G4xx_HAL_Driver/Src/stm32g4xx_hal_cortex.c.obj
                0x08004cf4                HAL_SYSTICK_Config
 .text.HAL_FDCAN_Init
                0x08004d0c      0x548 cmake/stm32cubemx/CMakeFiles/STM32_Drivers.dir/C_/Users/david/STM32Cube/Repository/STM32Cube_FW_G4_V1.6.3/Drivers/STM32G4xx_HAL_Driver/Src/stm32g4xx_hal_fdcan.c.obj
                0x08004d0c                HAL_FDCAN_Init
 .text.HAL_FDCAN_IRQHandler
                0x08005254      0x266 cmake/stm32cubemx/CMakeFiles/STM32_Drivers.dir/C_/Users/david/STM32Cube/Repository/STM32Cube_FW_G4_V1.6.3/Drivers/STM32G4xx_HAL_Driver/Src/stm32g4xx_hal_fdcan.c.obj
                0x08005254                HAL_FDCAN_IRQHandler
 .text.HAL_FDCAN_TxEventFifoCallback
                0x080054ba       0x16 cmake/stm32cubemx/CMakeFiles/STM32_Drivers.dir/C_/Users/david/STM32Cube/Repository/STM32Cube_FW_G4_V1.6.3/Drivers/STM32G4xx_HAL_Driver/Src/stm32g4xx_hal_fdcan.c.obj
                0x080054ba                HAL_FDCAN_TxEventFifoCallback
 .text.HAL_FDCAN_RxFifo0Callback
                0x080054d0       0x16 cmake/stm32cubemx/CMakeFiles/STM32_Drivers.dir/C_/Users/david/STM32Cube/Repository/STM32Cube_FW_G4_V1.6.3/Drivers/STM32G4xx_HAL_Driver/Src/stm32g4xx_hal_fdcan.c.obj
                0x080054d0                HAL_FDCAN_RxFifo0Callback
 .text.HAL_FDCAN_RxFifo1Callback
                0x080054e6       0x16 cmake/stm32cubemx/CMakeFiles/STM32_Drivers.dir/C_/Users/david/STM32Cube/Repository/STM32Cube_FW_G4_V1.6.3/Drivers/STM32G4xx_HAL_Driver/Src/stm32g4xx_hal_fdcan.c.obj
                0x080054e6                HAL_FDCAN_RxFifo1Callback
 .text.HAL_FDCAN_TxFifoEmptyCallback
                0x080054fc       0x14 cmake/stm32cubemx/CMakeFiles/STM32_Drivers.dir/C_/Users/david/STM32Cube/Repository/STM32Cube_FW_G4_V1.6.3/Drivers/STM32G4xx_HAL_Driver/Src/stm32g4xx_hal_fdcan.c.obj
                0x080054fc                HAL_FDCAN_TxFifoEmptyCallback
 .text.HAL_FDCAN_TxBufferCompleteCallback
                0x08005510       0x16 cmake/stm32cubemx/CMakeFiles/STM32_Drivers.dir/C_/Users/david/STM32Cube/Repository/STM32Cube_FW_G4_V1.6.3/Drivers/STM32G4xx_HAL_Driver/Src/stm32g4xx_hal_fdcan.c.obj
                0x08005510                HAL_FDCAN_TxBufferCompleteCallback
 .text.HAL_FDCAN_TxBufferAbortCallback
                0x08005526       0x16 cmake/stm32cubemx/CMakeFiles/STM32_Drivers.dir/C_/Users/david/STM32Cube/Repository/STM32Cube_FW_G4_V1.6.3/Drivers/STM32G4xx_HAL_Driver/Src/stm32g4xx_hal_fdcan.c.obj
                0x08005526                HAL_FDCAN_TxBufferAbortCallback
 .text.HAL_FDCAN_TimestampWraparoundCallback
                0x0800553c       0x14 cmake/stm32cubemx/CMakeFiles/STM32_Drivers.dir/C_/Users/david/STM32Cube/Repository/STM32Cube_FW_G4_V1.6.3/Drivers/STM32G4xx_HAL_Driver/Src/stm32g4xx_hal_fdcan.c.obj
                0x0800553c                HAL_FDCAN_TimestampWraparoundCallback
 .text.HAL_FDCAN_TimeoutOccurredCallback
                0x08005550       0x14 cmake/stm32cubemx/CMakeFiles/STM32_Drivers.dir/C_/Users/david/STM32Cube/Repository/STM32Cube_FW_G4_V1.6.3/Drivers/STM32G4xx_HAL_Driver/Src/stm32g4xx_hal_fdcan.c.obj
                0x08005550                HAL_FDCAN_TimeoutOccurredCallback
 .text.HAL_FDCAN_HighPriorityMessageCallback
                0x08005564       0x14 cmake/stm32cubemx/CMakeFiles/STM32_Drivers.dir/C_/Users/david/STM32Cube/Repository/STM32Cube_FW_G4_V1.6.3/Drivers/STM32G4xx_HAL_Driver/Src/stm32g4xx_hal_fdcan.c.obj
                0x08005564                HAL_FDCAN_HighPriorityMessageCallback
 .text.HAL_FDCAN_ErrorCallback
                0x08005578       0x14 cmake/stm32cubemx/CMakeFiles/STM32_Drivers.dir/C_/Users/david/STM32Cube/Repository/STM32Cube_FW_G4_V1.6.3/Drivers/STM32G4xx_HAL_Driver/Src/stm32g4xx_hal_fdcan.c.obj
                0x08005578                HAL_FDCAN_ErrorCallback
 .text.HAL_FDCAN_ErrorStatusCallback
                0x0800558c       0x16 cmake/stm32cubemx/CMakeFiles/STM32_Drivers.dir/C_/Users/david/STM32Cube/Repository/STM32Cube_FW_G4_V1.6.3/Drivers/STM32G4xx_HAL_Driver/Src/stm32g4xx_hal_fdcan.c.obj
                0x0800558c                HAL_FDCAN_ErrorStatusCallback
 *fill*         0x080055a2        0x2 
 .text.FDCAN_CalcultateRamBlockAddresses
                0x080055a4       0xd8 cmake/stm32cubemx/CMakeFiles/STM32_Drivers.dir/C_/Users/david/STM32Cube/Repository/STM32Cube_FW_G4_V1.6.3/Drivers/STM32G4xx_HAL_Driver/Src/stm32g4xx_hal_fdcan.c.obj
 .text.HAL_UART_Init
                0x0800567c      0x154 cmake/stm32cubemx/CMakeFiles/STM32_Drivers.dir/C_/Users/david/STM32Cube/Repository/STM32Cube_FW_G4_V1.6.3/Drivers/STM32G4xx_HAL_Driver/Src/stm32g4xx_hal_uart.c.obj
                0x0800567c                HAL_UART_Init
 .text.HAL_UART_MspInit
                0x080057d0       0x14 cmake/stm32cubemx/CMakeFiles/STM32_Drivers.dir/C_/Users/david/STM32Cube/Repository/STM32Cube_FW_G4_V1.6.3/Drivers/STM32G4xx_HAL_Driver/Src/stm32g4xx_hal_uart.c.obj
                0x080057d0                HAL_UART_MspInit
 .text.UART_SetConfig
                0x080057e4      0x7c0 cmake/stm32cubemx/CMakeFiles/STM32_Drivers.dir/C_/Users/david/STM32Cube/Repository/STM32Cube_FW_G4_V1.6.3/Drivers/STM32G4xx_HAL_Driver/Src/stm32g4xx_hal_uart.c.obj
                0x080057e4                UART_SetConfig
 .text.UART_AdvFeatureConfig
                0x08005fa4      0x2c0 cmake/stm32cubemx/CMakeFiles/STM32_Drivers.dir/C_/Users/david/STM32Cube/Repository/STM32Cube_FW_G4_V1.6.3/Drivers/STM32G4xx_HAL_Driver/Src/stm32g4xx_hal_uart.c.obj
                0x08005fa4                UART_AdvFeatureConfig
 .text.UART_CheckIdleState
                0x08006264      0x154 cmake/stm32cubemx/CMakeFiles/STM32_Drivers.dir/C_/Users/david/STM32Cube/Repository/STM32Cube_FW_G4_V1.6.3/Drivers/STM32G4xx_HAL_Driver/Src/stm32g4xx_hal_uart.c.obj
                0x08006264                UART_CheckIdleState
 .text.UART_WaitOnFlagUntilTimeout
                0x080063b8       0xda cmake/stm32cubemx/CMakeFiles/STM32_Drivers.dir/C_/Users/david/STM32Cube/Repository/STM32Cube_FW_G4_V1.6.3/Drivers/STM32G4xx_HAL_Driver/Src/stm32g4xx_hal_uart.c.obj
                0x080063b8                UART_WaitOnFlagUntilTimeout
 .text.UART_EndRxTransfer
                0x08006492       0xcc cmake/stm32cubemx/CMakeFiles/STM32_Drivers.dir/C_/Users/david/STM32Cube/Repository/STM32Cube_FW_G4_V1.6.3/Drivers/STM32G4xx_HAL_Driver/Src/stm32g4xx_hal_uart.c.obj
 *fill*         0x0800655e        0x2 
 .text.BSP_LED_Init
                0x08006560       0x6c cmake/stm32cubemx/CMakeFiles/STM32_Drivers.dir/C_/Users/david/STM32Cube/Repository/STM32Cube_FW_G4_V1.6.3/Drivers/BSP/STM32G4xx_Nucleo/stm32g4xx_nucleo.c.obj
                0x08006560                BSP_LED_Init
 .text.BSP_PB_Init
                0x080065cc       0xdc cmake/stm32cubemx/CMakeFiles/STM32_Drivers.dir/C_/Users/david/STM32Cube/Repository/STM32Cube_FW_G4_V1.6.3/Drivers/BSP/STM32G4xx_Nucleo/stm32g4xx_nucleo.c.obj
                0x080065cc                BSP_PB_Init
 .text.BSP_PB_Callback
                0x080066a8       0x16 cmake/stm32cubemx/CMakeFiles/STM32_Drivers.dir/C_/Users/david/STM32Cube/Repository/STM32Cube_FW_G4_V1.6.3/Drivers/BSP/STM32G4xx_Nucleo/stm32g4xx_nucleo.c.obj
                0x080066a8                BSP_PB_Callback
 *fill*         0x080066be        0x2 
 .text.BSP_COM_Init
                0x080066c0       0x60 cmake/stm32cubemx/CMakeFiles/STM32_Drivers.dir/C_/Users/david/STM32Cube/Repository/STM32Cube_FW_G4_V1.6.3/Drivers/BSP/STM32G4xx_Nucleo/stm32g4xx_nucleo.c.obj
                0x080066c0                BSP_COM_Init
 .text.MX_LPUART1_Init
                0x08006720       0x64 cmake/stm32cubemx/CMakeFiles/STM32_Drivers.dir/C_/Users/david/STM32Cube/Repository/STM32Cube_FW_G4_V1.6.3/Drivers/BSP/STM32G4xx_Nucleo/stm32g4xx_nucleo.c.obj
                0x08006720                MX_LPUART1_Init
 .text.BUTTON_USER_EXTI_Callback
                0x08006784        0xe cmake/stm32cubemx/CMakeFiles/STM32_Drivers.dir/C_/Users/david/STM32Cube/Repository/STM32Cube_FW_G4_V1.6.3/Drivers/BSP/STM32G4xx_Nucleo/stm32g4xx_nucleo.c.obj
 *fill*         0x08006792        0x2 
 .text.COM1_MspInit
                0x08006794       0x98 cmake/stm32cubemx/CMakeFiles/STM32_Drivers.dir/C_/Users/david/STM32Cube/Repository/STM32Cube_FW_G4_V1.6.3/Drivers/BSP/STM32G4xx_Nucleo/stm32g4xx_nucleo.c.obj
 .text.main     0x0800682c       0x68 CMakeFiles/VCU.dir/Core/Src/main.c.obj
                0x0800682c                main
 .text.SystemClock_Config
                0x08006894       0x92 CMakeFiles/VCU.dir/Core/Src/main.c.obj
                0x08006894                SystemClock_Config
 .text.Error_Handler
                0x08006926        0xc CMakeFiles/VCU.dir/Core/Src/main.c.obj
                0x08006926                Error_Handler
 .text.assert_failed
                0x08006932       0x16 CMakeFiles/VCU.dir/Core/Src/main.c.obj
                0x08006932                assert_failed
 .text.MX_GPIO_Init
                0x08006948       0xc8 CMakeFiles/VCU.dir/Core/Src/gpio.c.obj
                0x08006948                MX_GPIO_Init
 .text.MX_ADC1_Init
                0x08006a10      0x108 CMakeFiles/VCU.dir/Core/Src/adc.c.obj
                0x08006a10                MX_ADC1_Init
 .text.MX_ADC2_Init
                0x08006b18       0xcc CMakeFiles/VCU.dir/Core/Src/adc.c.obj
                0x08006b18                MX_ADC2_Init
 .text.HAL_ADC_MspInit
                0x08006be4      0x16c CMakeFiles/VCU.dir/Core/Src/adc.c.obj
                0x08006be4                HAL_ADC_MspInit
 .text.MX_FDCAN1_Init
                0x08006d50       0x8c CMakeFiles/VCU.dir/Core/Src/fdcan.c.obj
                0x08006d50                MX_FDCAN1_Init
 .text.HAL_FDCAN_MspInit
                0x08006ddc       0xd4 CMakeFiles/VCU.dir/Core/Src/fdcan.c.obj
                0x08006ddc                HAL_FDCAN_MspInit
 .text.NMI_Handler
                0x08006eb0        0x8 CMakeFiles/VCU.dir/Core/Src/stm32g4xx_it.c.obj
                0x08006eb0                NMI_Handler
 .text.HardFault_Handler
                0x08006eb8        0x8 CMakeFiles/VCU.dir/Core/Src/stm32g4xx_it.c.obj
                0x08006eb8                HardFault_Handler
 .text.MemManage_Handler
                0x08006ec0        0x8 CMakeFiles/VCU.dir/Core/Src/stm32g4xx_it.c.obj
                0x08006ec0                MemManage_Handler
 .text.BusFault_Handler
                0x08006ec8        0x8 CMakeFiles/VCU.dir/Core/Src/stm32g4xx_it.c.obj
                0x08006ec8                BusFault_Handler
 .text.UsageFault_Handler
                0x08006ed0        0x8 CMakeFiles/VCU.dir/Core/Src/stm32g4xx_it.c.obj
                0x08006ed0                UsageFault_Handler
 .text.SVC_Handler
                0x08006ed8        0xe CMakeFiles/VCU.dir/Core/Src/stm32g4xx_it.c.obj
                0x08006ed8                SVC_Handler
 .text.DebugMon_Handler
                0x08006ee6        0xe CMakeFiles/VCU.dir/Core/Src/stm32g4xx_it.c.obj
                0x08006ee6                DebugMon_Handler
 .text.PendSV_Handler
                0x08006ef4        0xe CMakeFiles/VCU.dir/Core/Src/stm32g4xx_it.c.obj
                0x08006ef4                PendSV_Handler
 .text.SysTick_Handler
                0x08006f02        0xc CMakeFiles/VCU.dir/Core/Src/stm32g4xx_it.c.obj
                0x08006f02                SysTick_Handler
 *fill*         0x08006f0e        0x2 
 .text.ADC1_2_IRQHandler
                0x08006f10       0x1c CMakeFiles/VCU.dir/Core/Src/stm32g4xx_it.c.obj
                0x08006f10                ADC1_2_IRQHandler
 .text.FDCAN1_IT0_IRQHandler
                0x08006f2c       0x14 CMakeFiles/VCU.dir/Core/Src/stm32g4xx_it.c.obj
                0x08006f2c                FDCAN1_IT0_IRQHandler
 .text.FDCAN1_IT1_IRQHandler
                0x08006f40       0x14 CMakeFiles/VCU.dir/Core/Src/stm32g4xx_it.c.obj
                0x08006f40                FDCAN1_IT1_IRQHandler
 .text.HAL_MspInit
                0x08006f54       0x48 CMakeFiles/VCU.dir/Core/Src/stm32g4xx_hal_msp.c.obj
                0x08006f54                HAL_MspInit
 .text.Reset_Handler
                0x08006f9c       0x50 CMakeFiles/VCU.dir/startup_stm32g474xx.s.obj
                0x08006f9c                Reset_Handler
 .text.Default_Handler
                0x08006fec        0x2 CMakeFiles/VCU.dir/startup_stm32g474xx.s.obj
                0x08006fec                RTC_Alarm_IRQHandler
                0x08006fec                EXTI2_IRQHandler
                0x08006fec                TIM8_TRG_COM_IRQHandler
                0x08006fec                TIM8_CC_IRQHandler
                0x08006fec                HRTIM1_Master_IRQHandler
                0x08006fec                SPI4_IRQHandler
                0x08006fec                FDCAN3_IT0_IRQHandler
                0x08006fec                TIM1_CC_IRQHandler
                0x08006fec                HRTIM1_FLT_IRQHandler
                0x08006fec                HRTIM1_TIMF_IRQHandler
                0x08006fec                USB_HP_IRQHandler
                0x08006fec                CORDIC_IRQHandler
                0x08006fec                HRTIM1_TIMD_IRQHandler
                0x08006fec                DMA2_Channel8_IRQHandler
                0x08006fec                EXTI3_IRQHandler
                0x08006fec                I2C3_ER_IRQHandler
                0x08006fec                EXTI0_IRQHandler
                0x08006fec                I2C2_EV_IRQHandler
                0x08006fec                FPU_IRQHandler
                0x08006fec                TIM1_UP_TIM16_IRQHandler
                0x08006fec                HRTIM1_TIME_IRQHandler
                0x08006fec                SPI1_IRQHandler
                0x08006fec                TIM6_DAC_IRQHandler
                0x08006fec                HRTIM1_TIMC_IRQHandler
                0x08006fec                TIM8_UP_IRQHandler
                0x08006fec                DMA2_Channel2_IRQHandler
                0x08006fec                DMA1_Channel4_IRQHandler
                0x08006fec                TIM20_TRG_COM_IRQHandler
                0x08006fec                USART3_IRQHandler
                0x08006fec                DMA1_Channel7_IRQHandler
                0x08006fec                UART5_IRQHandler
                0x08006fec                ADC3_IRQHandler
                0x08006fec                TIM4_IRQHandler
                0x08006fec                DMA2_Channel1_IRQHandler
                0x08006fec                QUADSPI_IRQHandler
                0x08006fec                I2C1_EV_IRQHandler
                0x08006fec                DMA1_Channel6_IRQHandler
                0x08006fec                UART4_IRQHandler
                0x08006fec                DMA2_Channel4_IRQHandler
                0x08006fec                TIM3_IRQHandler
                0x08006fec                RCC_IRQHandler
                0x08006fec                TIM20_UP_IRQHandler
                0x08006fec                DMA1_Channel1_IRQHandler
                0x08006fec                Default_Handler
                0x08006fec                DMA2_Channel7_IRQHandler
                0x08006fec                RTC_TAMP_LSECSS_IRQHandler
                0x08006fec                FMAC_IRQHandler
                0x08006fec                EXTI15_10_IRQHandler
                0x08006fec                DMA1_Channel8_IRQHandler
                0x08006fec                HRTIM1_TIMA_IRQHandler
                0x08006fec                TIM7_DAC_IRQHandler
                0x08006fec                FDCAN3_IT1_IRQHandler
                0x08006fec                TIM5_IRQHandler
                0x08006fec                UCPD1_IRQHandler
                0x08006fec                I2C3_EV_IRQHandler
                0x08006fec                EXTI9_5_IRQHandler
                0x08006fec                RTC_WKUP_IRQHandler
                0x08006fec                PVD_PVM_IRQHandler
                0x08006fec                SPI2_IRQHandler
                0x08006fec                ADC5_IRQHandler
                0x08006fec                DMA2_Channel5_IRQHandler
                0x08006fec                CRS_IRQHandler
                0x08006fec                DMA1_Channel5_IRQHandler
                0x08006fec                USB_LP_IRQHandler
                0x08006fec                EXTI4_IRQHandler
                0x08006fec                RNG_IRQHandler
                0x08006fec                HRTIM1_TIMB_IRQHandler
                0x08006fec                TIM1_TRG_COM_TIM17_IRQHandler
                0x08006fec                FDCAN2_IT1_IRQHandler
                0x08006fec                DMA1_Channel3_IRQHandler
                0x08006fec                ADC4_IRQHandler
                0x08006fec                WWDG_IRQHandler
                0x08006fec                I2C4_EV_IRQHandler
                0x08006fec                FDCAN2_IT0_IRQHandler
                0x08006fec                LPUART1_IRQHandler
                0x08006fec                DMA2_Channel6_IRQHandler
                0x08006fec                TIM2_IRQHandler
                0x08006fec                COMP7_IRQHandler
                0x08006fec                COMP1_2_3_IRQHandler
                0x08006fec                EXTI1_IRQHandler
                0x08006fec                USART2_IRQHandler
                0x08006fec                COMP4_5_6_IRQHandler
                0x08006fec                TIM20_BRK_IRQHandler
                0x08006fec                I2C2_ER_IRQHandler
                0x08006fec                DMA1_Channel2_IRQHandler
                0x08006fec                TIM8_BRK_IRQHandler
                0x08006fec                FLASH_IRQHandler
                0x08006fec                TIM20_CC_IRQHandler
                0x08006fec                USART1_IRQHandler
                0x08006fec                SPI3_IRQHandler
                0x08006fec                I2C1_ER_IRQHandler
                0x08006fec                FMC_IRQHandler
                0x08006fec                LPTIM1_IRQHandler
                0x08006fec                DMAMUX_OVR_IRQHandler
                0x08006fec                I2C4_ER_IRQHandler
                0x08006fec                USBWakeUp_IRQHandler
                0x08006fec                SAI1_IRQHandler
                0x08006fec                DMA2_Channel3_IRQHandler
                0x08006fec                TIM1_BRK_TIM15_IRQHandler
 .text.memset   0x08006fee       0x10 C:/ST/STM32CubeCLT_1.19.0/GNU-tools-for-STM32/bin/../lib/gcc/arm-none-eabi/13.3.1/../../../../arm-none-eabi/lib/thumb/v7e-m+fp/hard\libg_nano.a(libc_a-memset.o)
                0x08006fee                memset
 *fill*         0x08006ffe        0x2 
 .text.__libc_init_array
                0x08007000       0x48 C:/ST/STM32CubeCLT_1.19.0/GNU-tools-for-STM32/bin/../lib/gcc/arm-none-eabi/13.3.1/../../../../arm-none-eabi/lib/thumb/v7e-m+fp/hard\libg_nano.a(libc_a-init.o)
                0x08007000                __libc_init_array
 *(.glue_7)
 .glue_7        0x08007048        0x0 linker stubs
 *(.glue_7t)
 .glue_7t       0x08007048        0x0 linker stubs
 *(.eh_frame)
 .eh_frame      0x08007048        0x0 C:/ST/STM32CubeCLT_1.19.0/GNU-tools-for-STM32/bin/../lib/gcc/arm-none-eabi/13.3.1/thumb/v7e-m+fp/hard/crtbegin.o
 *(.init)
 .init          0x08007048        0x4 C:/ST/STM32CubeCLT_1.19.0/GNU-tools-for-STM32/bin/../lib/gcc/arm-none-eabi/13.3.1/thumb/v7e-m+fp/hard/crti.o
                0x08007048                _init
 .init          0x0800704c        0x8 C:/ST/STM32CubeCLT_1.19.0/GNU-tools-for-STM32/bin/../lib/gcc/arm-none-eabi/13.3.1/thumb/v7e-m+fp/hard/crtn.o
 *(.fini)
 .fini          0x08007054        0x4 C:/ST/STM32CubeCLT_1.19.0/GNU-tools-for-STM32/bin/../lib/gcc/arm-none-eabi/13.3.1/thumb/v7e-m+fp/hard/crti.o
                0x08007054                _fini
 .fini          0x08007058        0x8 C:/ST/STM32CubeCLT_1.19.0/GNU-tools-for-STM32/bin/../lib/gcc/arm-none-eabi/13.3.1/thumb/v7e-m+fp/hard/crtn.o
                0x08007060                        . = ALIGN (0x4)
                0x08007060                        _etext = .

.vfp11_veneer   0x08007060        0x0
 .vfp11_veneer  0x08007060        0x0 linker stubs

.v4_bx          0x08007060        0x0
 .v4_bx         0x08007060        0x0 linker stubs

.iplt           0x08007060        0x0
 .iplt          0x08007060        0x0 C:/ST/STM32CubeCLT_1.19.0/GNU-tools-for-STM32/bin/../lib/gcc/arm-none-eabi/13.3.1/thumb/v7e-m+fp/hard/crtbegin.o

.rodata         0x08007060      0x4b4
                0x08007060                        . = ALIGN (0x4)
 *(.rodata)
 .rodata        0x08007060       0x70 cmake/stm32cubemx/CMakeFiles/STM32_Drivers.dir/C_/Users/david/STM32Cube/Repository/STM32Cube_FW_G4_V1.6.3/Drivers/STM32G4xx_HAL_Driver/Src/stm32g4xx_hal_adc.c.obj
 .rodata        0x080070d0       0x73 cmake/stm32cubemx/CMakeFiles/STM32_Drivers.dir/C_/Users/david/STM32Cube/Repository/STM32Cube_FW_G4_V1.6.3/Drivers/STM32G4xx_HAL_Driver/Src/stm32g4xx_hal_adc_ex.c.obj
 *fill*         0x08007143        0x1 
 .rodata        0x08007144       0x70 cmake/stm32cubemx/CMakeFiles/STM32_Drivers.dir/C_/Users/david/STM32Cube/Repository/STM32Cube_FW_G4_V1.6.3/Drivers/STM32G4xx_HAL_Driver/Src/stm32g4xx_hal_rcc.c.obj
 .rodata        0x080071b4       0x73 cmake/stm32cubemx/CMakeFiles/STM32_Drivers.dir/C_/Users/david/STM32Cube/Repository/STM32Cube_FW_G4_V1.6.3/Drivers/STM32G4xx_HAL_Driver/Src/stm32g4xx_hal_rcc_ex.c.obj
 *fill*         0x08007227        0x1 
 .rodata        0x08007228       0x71 cmake/stm32cubemx/CMakeFiles/STM32_Drivers.dir/C_/Users/david/STM32Cube/Repository/STM32Cube_FW_G4_V1.6.3/Drivers/STM32G4xx_HAL_Driver/Src/stm32g4xx_hal_gpio.c.obj
 *fill*         0x08007299        0x3 
 .rodata        0x0800729c       0x71 cmake/stm32cubemx/CMakeFiles/STM32_Drivers.dir/C_/Users/david/STM32Cube/Repository/STM32Cube_FW_G4_V1.6.3/Drivers/STM32G4xx_HAL_Driver/Src/stm32g4xx_hal_exti.c.obj
 *fill*         0x0800730d        0x3 
 .rodata        0x08007310       0x73 cmake/stm32cubemx/CMakeFiles/STM32_Drivers.dir/C_/Users/david/STM32Cube/Repository/STM32Cube_FW_G4_V1.6.3/Drivers/STM32G4xx_HAL_Driver/Src/stm32g4xx_hal_pwr_ex.c.obj
 *fill*         0x08007383        0x1 
 .rodata        0x08007384       0x73 cmake/stm32cubemx/CMakeFiles/STM32_Drivers.dir/C_/Users/david/STM32Cube/Repository/STM32Cube_FW_G4_V1.6.3/Drivers/STM32G4xx_HAL_Driver/Src/stm32g4xx_hal_cortex.c.obj
 *fill*         0x080073f7        0x1 
 .rodata        0x080073f8       0x72 cmake/stm32cubemx/CMakeFiles/STM32_Drivers.dir/C_/Users/david/STM32Cube/Repository/STM32Cube_FW_G4_V1.6.3/Drivers/STM32G4xx_HAL_Driver/Src/stm32g4xx_hal_fdcan.c.obj
 *fill*         0x0800746a        0x2 
 .rodata        0x0800746c       0x71 cmake/stm32cubemx/CMakeFiles/STM32_Drivers.dir/C_/Users/david/STM32Cube/Repository/STM32Cube_FW_G4_V1.6.3/Drivers/STM32G4xx_HAL_Driver/Src/stm32g4xx_hal_uart.c.obj
 *(.rodata*)
 *fill*         0x080074dd        0x3 
 .rodata.AHBPrescTable
                0x080074e0       0x10 cmake/stm32cubemx/CMakeFiles/STM32_Drivers.dir/__/__/Core/Src/system_stm32g4xx.c.obj
                0x080074e0                AHBPrescTable
 .rodata.APBPrescTable
                0x080074f0        0x8 cmake/stm32cubemx/CMakeFiles/STM32_Drivers.dir/__/__/Core/Src/system_stm32g4xx.c.obj
                0x080074f0                APBPrescTable
 .rodata.UARTPrescTable
                0x080074f8       0x18 cmake/stm32cubemx/CMakeFiles/STM32_Drivers.dir/C_/Users/david/STM32Cube/Repository/STM32Cube_FW_G4_V1.6.3/Drivers/STM32G4xx_HAL_Driver/Src/stm32g4xx_hal_uart.c.obj
                0x080074f8                UARTPrescTable
 .rodata.BUTTON_EXTI_LINE.2
                0x08007510        0x4 cmake/stm32cubemx/CMakeFiles/STM32_Drivers.dir/C_/Users/david/STM32Cube/Repository/STM32Cube_FW_G4_V1.6.3/Drivers/BSP/STM32G4xx_Nucleo/stm32g4xx_nucleo.c.obj
                0x08007514                        . = ALIGN (0x4)

.ARM.extab      0x08007514        0x0
                0x08007514                        . = ALIGN (0x4)
 *(.ARM.extab* .gnu.linkonce.armextab.*)
                0x08007514                        . = ALIGN (0x4)

.ARM            0x08007514        0x8
                0x08007514                        . = ALIGN (0x4)
                0x08007514                        __exidx_start = .
 *(.ARM.exidx*)
 .ARM.exidx     0x08007514        0x8 C:/ST/STM32CubeCLT_1.19.0/GNU-tools-for-STM32/bin/../lib/gcc/arm-none-eabi/13.3.1/thumb/v7e-m+fp/hard\libgcc.a(_udivmoddi4.o)
                0x0800751c                        __exidx_end = .
                0x0800751c                        . = ALIGN (0x4)

.preinit_array  0x0800751c        0x0
                0x0800751c                        . = ALIGN (0x4)
                0x0800751c                        PROVIDE (__preinit_array_start = .)
 *(.preinit_array*)
                0x0800751c                        PROVIDE (__preinit_array_end = .)
                0x0800751c                        . = ALIGN (0x4)

.init_array     0x0800751c        0x4
                0x0800751c                        . = ALIGN (0x4)
                0x0800751c                        PROVIDE (__init_array_start = .)
 *(SORT_BY_NAME(.init_array.*))
 *(.init_array*)
 .init_array    0x0800751c        0x4 C:/ST/STM32CubeCLT_1.19.0/GNU-tools-for-STM32/bin/../lib/gcc/arm-none-eabi/13.3.1/thumb/v7e-m+fp/hard/crtbegin.o
                0x08007520                        PROVIDE (__init_array_end = .)
                0x08007520                        . = ALIGN (0x4)

.fini_array     0x08007520        0x4
                0x08007520                        . = ALIGN (0x4)
                [!provide]                        PROVIDE (__fini_array_start = .)
 *(SORT_BY_NAME(.fini_array.*))
 *(.fini_array*)
 .fini_array    0x08007520        0x4 C:/ST/STM32CubeCLT_1.19.0/GNU-tools-for-STM32/bin/../lib/gcc/arm-none-eabi/13.3.1/thumb/v7e-m+fp/hard/crtbegin.o
                [!provide]                        PROVIDE (__fini_array_end = .)
                0x08007524                        . = ALIGN (0x4)
                0x08007524                        _sidata = LOADADDR (.data)

.rel.dyn        0x08007524        0x0
 .rel.iplt      0x08007524        0x0 C:/ST/STM32CubeCLT_1.19.0/GNU-tools-for-STM32/bin/../lib/gcc/arm-none-eabi/13.3.1/thumb/v7e-m+fp/hard/crtbegin.o

.data           0x20000000       0x20 load address 0x08007524
                0x20000000                        . = ALIGN (0x4)
                0x20000000                        _sdata = .
 *(.data)
 *(.data*)
 .data.SystemCoreClock
                0x20000000        0x4 cmake/stm32cubemx/CMakeFiles/STM32_Drivers.dir/__/__/Core/Src/system_stm32g4xx.c.obj
                0x20000000                SystemCoreClock
 .data.uwTickPrio
                0x20000004        0x4 cmake/stm32cubemx/CMakeFiles/STM32_Drivers.dir/C_/Users/david/STM32Cube/Repository/STM32Cube_FW_G4_V1.6.3/Drivers/STM32G4xx_HAL_Driver/Src/stm32g4xx_hal.c.obj
                0x20000004                uwTickPrio
 .data.uwTickFreq
                0x20000008        0x4 cmake/stm32cubemx/CMakeFiles/STM32_Drivers.dir/C_/Users/david/STM32Cube/Repository/STM32Cube_FW_G4_V1.6.3/Drivers/STM32G4xx_HAL_Driver/Src/stm32g4xx_hal.c.obj
                0x20000008                uwTickFreq
 .data.LED_PORT
                0x2000000c        0x4 cmake/stm32cubemx/CMakeFiles/STM32_Drivers.dir/C_/Users/david/STM32Cube/Repository/STM32Cube_FW_G4_V1.6.3/Drivers/BSP/STM32G4xx_Nucleo/stm32g4xx_nucleo.c.obj
 .data.BUTTON_PORT
                0x20000010        0x4 cmake/stm32cubemx/CMakeFiles/STM32_Drivers.dir/C_/Users/david/STM32Cube/Repository/STM32Cube_FW_G4_V1.6.3/Drivers/BSP/STM32G4xx_Nucleo/stm32g4xx_nucleo.c.obj
 .data.COM_USART
                0x20000014        0x4 cmake/stm32cubemx/CMakeFiles/STM32_Drivers.dir/C_/Users/david/STM32Cube/Repository/STM32Cube_FW_G4_V1.6.3/Drivers/BSP/STM32G4xx_Nucleo/stm32g4xx_nucleo.c.obj
 .data.ButtonCallback.1
                0x20000018        0x4 cmake/stm32cubemx/CMakeFiles/STM32_Drivers.dir/C_/Users/david/STM32Cube/Repository/STM32Cube_FW_G4_V1.6.3/Drivers/BSP/STM32G4xx_Nucleo/stm32g4xx_nucleo.c.obj
 .data.BSP_BUTTON_PRIO.0
                0x2000001c        0x4 cmake/stm32cubemx/CMakeFiles/STM32_Drivers.dir/C_/Users/david/STM32Cube/Repository/STM32Cube_FW_G4_V1.6.3/Drivers/BSP/STM32G4xx_Nucleo/stm32g4xx_nucleo.c.obj
 *(.RamFunc)
 *(.RamFunc*)
                0x20000020                        . = ALIGN (0x4)

.igot.plt       0x20000020        0x0 load address 0x08007544
 .igot.plt      0x20000020        0x0 C:/ST/STM32CubeCLT_1.19.0/GNU-tools-for-STM32/bin/../lib/gcc/arm-none-eabi/13.3.1/thumb/v7e-m+fp/hard/crtbegin.o

.tdata          0x20000020        0x0 load address 0x08007544
 *(.tdata .tdata.* .gnu.linkonce.td.*)
                0x20000020                        . = ALIGN (0x4)
                0x20000020                        _edata = .
                [!provide]                        PROVIDE (__data_end = .)
                [!provide]                        PROVIDE (__tdata_end = .)
                [!provide]                        PROVIDE (__tdata_start = ADDR (.tdata))
                [!provide]                        PROVIDE (__tdata_size = (__tdata_end - __tdata_start))
                [!provide]                        PROVIDE (__data_start = ADDR (.data))
                [!provide]                        PROVIDE (__data_size = (__data_end - __data_start))
                [!provide]                        PROVIDE (__tdata_source = LOADADDR (.tdata))
                [!provide]                        PROVIDE (__tdata_source_end = (LOADADDR (.tdata) + SIZEOF (.tdata)))
                [!provide]                        PROVIDE (__tdata_source_size = (__tdata_source_end - __tdata_source))
                [!provide]                        PROVIDE (__data_source = LOADADDR (.data))
                [!provide]                        PROVIDE (__data_source_end = __tdata_source_end)
                [!provide]                        PROVIDE (__data_source_size = (__data_source_end - __data_source))

.tbss           0x20000020        0x0 load address 0x08007544
                0x20000020                        _sbss = .
                0x20000020                        __bss_start__ = _sbss
 *(.tbss .tbss.*)
                0x20000020                        . = ALIGN (0x4)
                [!provide]                        PROVIDE (__tbss_end = .)
                [!provide]                        PROVIDE (__tbss_start = ADDR (.tbss))
                [!provide]                        PROVIDE (__tbss_size = (__tbss_end - __tbss_start))
                [!provide]                        PROVIDE (__tbss_offset = (ADDR (.tbss) - ADDR (.tdata)))
                [!provide]                        PROVIDE (__tls_base = __tdata_start)
                [!provide]                        PROVIDE (__tls_end = __tbss_end)
                [!provide]                        PROVIDE (__tls_size = (__tls_end - __tls_base))
                [!provide]                        PROVIDE (__tls_align = MAX (ALIGNOF (.tdata), ALIGNOF (.tbss)))
                [!provide]                        PROVIDE (__tls_size_align = (((__tls_size + __tls_align) - 0x1) & ~ ((__tls_align - 0x1))))
                [!provide]                        PROVIDE (__arm32_tls_tcb_offset = MAX (0x8, __tls_align))
                [!provide]                        PROVIDE (__arm64_tls_tcb_offset = MAX (0x10, __tls_align))

.bss            0x20000020      0x20c load address 0x08007544
 *(.bss)
 .bss           0x20000020       0x1c C:/ST/STM32CubeCLT_1.19.0/GNU-tools-for-STM32/bin/../lib/gcc/arm-none-eabi/13.3.1/thumb/v7e-m+fp/hard/crtbegin.o
 *(.bss*)
 .bss.uwTick    0x2000003c        0x4 cmake/stm32cubemx/CMakeFiles/STM32_Drivers.dir/C_/Users/david/STM32Cube/Repository/STM32Cube_FW_G4_V1.6.3/Drivers/STM32G4xx_HAL_Driver/Src/stm32g4xx_hal.c.obj
                0x2000003c                uwTick
 .bss.hpb_exti  0x20000040        0x8 cmake/stm32cubemx/CMakeFiles/STM32_Drivers.dir/C_/Users/david/STM32Cube/Repository/STM32Cube_FW_G4_V1.6.3/Drivers/BSP/STM32G4xx_Nucleo/stm32g4xx_nucleo.c.obj
                0x20000040                hpb_exti
 .bss.hcom_uart
                0x20000048       0x94 cmake/stm32cubemx/CMakeFiles/STM32_Drivers.dir/C_/Users/david/STM32Cube/Repository/STM32Cube_FW_G4_V1.6.3/Drivers/BSP/STM32G4xx_Nucleo/stm32g4xx_nucleo.c.obj
                0x20000048                hcom_uart
 .bss.BspCOMInit
                0x200000dc       0x10 CMakeFiles/VCU.dir/Core/Src/main.c.obj
                0x200000dc                BspCOMInit
 .bss.hadc1     0x200000ec       0x6c CMakeFiles/VCU.dir/Core/Src/adc.c.obj
                0x200000ec                hadc1
 .bss.hadc2     0x20000158       0x6c CMakeFiles/VCU.dir/Core/Src/adc.c.obj
                0x20000158                hadc2
 .bss.HAL_RCC_ADC12_CLK_ENABLED
                0x200001c4        0x4 CMakeFiles/VCU.dir/Core/Src/adc.c.obj
 .bss.hfdcan1   0x200001c8       0x64 CMakeFiles/VCU.dir/Core/Src/fdcan.c.obj
                0x200001c8                hfdcan1
 *(COMMON)
                0x2000022c                        . = ALIGN (0x4)
                0x2000022c                        _ebss = .
                0x2000022c                        __bss_end__ = _ebss
                [!provide]                        PROVIDE (__bss_end = .)
                [!provide]                        PROVIDE (__non_tls_bss_start = ADDR (.bss))
                [!provide]                        PROVIDE (__bss_start = __tbss_start)
                [!provide]                        PROVIDE (__bss_size = (__bss_end - __bss_start))

._user_heap_stack
                0x2000022c      0x604 load address 0x08007544
                0x20000230                        . = ALIGN (0x8)
 *fill*         0x2000022c        0x4 
                [!provide]                        PROVIDE (end = .)
                0x20000230                        PROVIDE (_end = .)
                0x20000430                        . = (. + _Min_Heap_Size)
 *fill*         0x20000230      0x200 
                0x20000830                        . = (. + _Min_Stack_Size)
 *fill*         0x20000430      0x400 
                0x20000830                        . = ALIGN (0x8)

/DISCARD/
 libc.a:*(*)
 libm.a:*(*)
 libgcc.a:*(*)
OUTPUT(VCU.elf elf32-littlearm)
LOAD linker stubs

.ARM.attributes
                0x00000000       0x30
 .ARM.attributes
                0x00000000       0x22 C:/ST/STM32CubeCLT_1.19.0/GNU-tools-for-STM32/bin/../lib/gcc/arm-none-eabi/13.3.1/thumb/v7e-m+fp/hard/crti.o
 .ARM.attributes
                0x00000022       0x34 C:/ST/STM32CubeCLT_1.19.0/GNU-tools-for-STM32/bin/../lib/gcc/arm-none-eabi/13.3.1/thumb/v7e-m+fp/hard/crtbegin.o
 .ARM.attributes
                0x00000056       0x34 cmake/stm32cubemx/CMakeFiles/STM32_Drivers.dir/__/__/Core/Src/system_stm32g4xx.c.obj
 .ARM.attributes
                0x0000008a       0x34 cmake/stm32cubemx/CMakeFiles/STM32_Drivers.dir/C_/Users/david/STM32Cube/Repository/STM32Cube_FW_G4_V1.6.3/Drivers/STM32G4xx_HAL_Driver/Src/stm32g4xx_hal_adc.c.obj
 .ARM.attributes
                0x000000be       0x34 cmake/stm32cubemx/CMakeFiles/STM32_Drivers.dir/C_/Users/david/STM32Cube/Repository/STM32Cube_FW_G4_V1.6.3/Drivers/STM32G4xx_HAL_Driver/Src/stm32g4xx_hal_adc_ex.c.obj
 .ARM.attributes
                0x000000f2       0x34 cmake/stm32cubemx/CMakeFiles/STM32_Drivers.dir/C_/Users/david/STM32Cube/Repository/STM32Cube_FW_G4_V1.6.3/Drivers/STM32G4xx_HAL_Driver/Src/stm32g4xx_hal.c.obj
 .ARM.attributes
                0x00000126       0x34 cmake/stm32cubemx/CMakeFiles/STM32_Drivers.dir/C_/Users/david/STM32Cube/Repository/STM32Cube_FW_G4_V1.6.3/Drivers/STM32G4xx_HAL_Driver/Src/stm32g4xx_hal_rcc.c.obj
 .ARM.attributes
                0x0000015a       0x34 cmake/stm32cubemx/CMakeFiles/STM32_Drivers.dir/C_/Users/david/STM32Cube/Repository/STM32Cube_FW_G4_V1.6.3/Drivers/STM32G4xx_HAL_Driver/Src/stm32g4xx_hal_rcc_ex.c.obj
 .ARM.attributes
                0x0000018e       0x34 cmake/stm32cubemx/CMakeFiles/STM32_Drivers.dir/C_/Users/david/STM32Cube/Repository/STM32Cube_FW_G4_V1.6.3/Drivers/STM32G4xx_HAL_Driver/Src/stm32g4xx_hal_gpio.c.obj
 .ARM.attributes
                0x000001c2       0x34 cmake/stm32cubemx/CMakeFiles/STM32_Drivers.dir/C_/Users/david/STM32Cube/Repository/STM32Cube_FW_G4_V1.6.3/Drivers/STM32G4xx_HAL_Driver/Src/stm32g4xx_hal_exti.c.obj
 .ARM.attributes
                0x000001f6       0x34 cmake/stm32cubemx/CMakeFiles/STM32_Drivers.dir/C_/Users/david/STM32Cube/Repository/STM32Cube_FW_G4_V1.6.3/Drivers/STM32G4xx_HAL_Driver/Src/stm32g4xx_hal_pwr_ex.c.obj
 .ARM.attributes
                0x0000022a       0x34 cmake/stm32cubemx/CMakeFiles/STM32_Drivers.dir/C_/Users/david/STM32Cube/Repository/STM32Cube_FW_G4_V1.6.3/Drivers/STM32G4xx_HAL_Driver/Src/stm32g4xx_hal_cortex.c.obj
 .ARM.attributes
                0x0000025e       0x34 cmake/stm32cubemx/CMakeFiles/STM32_Drivers.dir/C_/Users/david/STM32Cube/Repository/STM32Cube_FW_G4_V1.6.3/Drivers/STM32G4xx_HAL_Driver/Src/stm32g4xx_hal_fdcan.c.obj
 .ARM.attributes
                0x00000292       0x34 cmake/stm32cubemx/CMakeFiles/STM32_Drivers.dir/C_/Users/david/STM32Cube/Repository/STM32Cube_FW_G4_V1.6.3/Drivers/STM32G4xx_HAL_Driver/Src/stm32g4xx_hal_uart.c.obj
 .ARM.attributes
                0x000002c6       0x34 cmake/stm32cubemx/CMakeFiles/STM32_Drivers.dir/C_/Users/david/STM32Cube/Repository/STM32Cube_FW_G4_V1.6.3/Drivers/BSP/STM32G4xx_Nucleo/stm32g4xx_nucleo.c.obj
 .ARM.attributes
                0x000002fa       0x34 CMakeFiles/VCU.dir/Core/Src/main.c.obj
 .ARM.attributes
                0x0000032e       0x34 CMakeFiles/VCU.dir/Core/Src/gpio.c.obj
 .ARM.attributes
                0x00000362       0x34 CMakeFiles/VCU.dir/Core/Src/adc.c.obj
 .ARM.attributes
                0x00000396       0x34 CMakeFiles/VCU.dir/Core/Src/fdcan.c.obj
 .ARM.attributes
                0x000003ca       0x34 CMakeFiles/VCU.dir/Core/Src/stm32g4xx_it.c.obj
 .ARM.attributes
                0x000003fe       0x34 CMakeFiles/VCU.dir/Core/Src/stm32g4xx_hal_msp.c.obj
 .ARM.attributes
                0x00000432       0x21 CMakeFiles/VCU.dir/startup_stm32g474xx.s.obj
 .ARM.attributes
                0x00000453       0x22 C:/ST/STM32CubeCLT_1.19.0/GNU-tools-for-STM32/bin/../lib/gcc/arm-none-eabi/13.3.1/thumb/v7e-m+fp/hard\libgcc.a(_aeabi_uldivmod.o)
 .ARM.attributes
                0x00000475       0x34 C:/ST/STM32CubeCLT_1.19.0/GNU-tools-for-STM32/bin/../lib/gcc/arm-none-eabi/13.3.1/thumb/v7e-m+fp/hard\libgcc.a(_udivmoddi4.o)
 .ARM.attributes
                0x000004a9       0x22 C:/ST/STM32CubeCLT_1.19.0/GNU-tools-for-STM32/bin/../lib/gcc/arm-none-eabi/13.3.1/thumb/v7e-m+fp/hard\libgcc.a(_dvmd_tls.o)
 .ARM.attributes
                0x000004cb       0x34 C:/ST/STM32CubeCLT_1.19.0/GNU-tools-for-STM32/bin/../lib/gcc/arm-none-eabi/13.3.1/../../../../arm-none-eabi/lib/thumb/v7e-m+fp/hard\libg_nano.a(libc_a-memset.o)
 .ARM.attributes
                0x000004ff       0x34 C:/ST/STM32CubeCLT_1.19.0/GNU-tools-for-STM32/bin/../lib/gcc/arm-none-eabi/13.3.1/../../../../arm-none-eabi/lib/thumb/v7e-m+fp/hard\libg_nano.a(libc_a-init.o)
 .ARM.attributes
                0x00000533       0x22 C:/ST/STM32CubeCLT_1.19.0/GNU-tools-for-STM32/bin/../lib/gcc/arm-none-eabi/13.3.1/thumb/v7e-m+fp/hard/crtn.o

.comment        0x00000000       0x43
 .comment       0x00000000       0x43 cmake/stm32cubemx/CMakeFiles/STM32_Drivers.dir/__/__/Core/Src/system_stm32g4xx.c.obj
                                 0x44 (size before relaxing)
 .comment       0x00000043       0x44 cmake/stm32cubemx/CMakeFiles/STM32_Drivers.dir/C_/Users/david/STM32Cube/Repository/STM32Cube_FW_G4_V1.6.3/Drivers/STM32G4xx_HAL_Driver/Src/stm32g4xx_hal_adc.c.obj
 .comment       0x00000043       0x44 cmake/stm32cubemx/CMakeFiles/STM32_Drivers.dir/C_/Users/david/STM32Cube/Repository/STM32Cube_FW_G4_V1.6.3/Drivers/STM32G4xx_HAL_Driver/Src/stm32g4xx_hal_adc_ex.c.obj
 .comment       0x00000043       0x44 cmake/stm32cubemx/CMakeFiles/STM32_Drivers.dir/C_/Users/david/STM32Cube/Repository/STM32Cube_FW_G4_V1.6.3/Drivers/STM32G4xx_HAL_Driver/Src/stm32g4xx_hal.c.obj
 .comment       0x00000043       0x44 cmake/stm32cubemx/CMakeFiles/STM32_Drivers.dir/C_/Users/david/STM32Cube/Repository/STM32Cube_FW_G4_V1.6.3/Drivers/STM32G4xx_HAL_Driver/Src/stm32g4xx_hal_rcc.c.obj
 .comment       0x00000043       0x44 cmake/stm32cubemx/CMakeFiles/STM32_Drivers.dir/C_/Users/david/STM32Cube/Repository/STM32Cube_FW_G4_V1.6.3/Drivers/STM32G4xx_HAL_Driver/Src/stm32g4xx_hal_rcc_ex.c.obj
 .comment       0x00000043       0x44 cmake/stm32cubemx/CMakeFiles/STM32_Drivers.dir/C_/Users/david/STM32Cube/Repository/STM32Cube_FW_G4_V1.6.3/Drivers/STM32G4xx_HAL_Driver/Src/stm32g4xx_hal_gpio.c.obj
 .comment       0x00000043       0x44 cmake/stm32cubemx/CMakeFiles/STM32_Drivers.dir/C_/Users/david/STM32Cube/Repository/STM32Cube_FW_G4_V1.6.3/Drivers/STM32G4xx_HAL_Driver/Src/stm32g4xx_hal_exti.c.obj
 .comment       0x00000043       0x44 cmake/stm32cubemx/CMakeFiles/STM32_Drivers.dir/C_/Users/david/STM32Cube/Repository/STM32Cube_FW_G4_V1.6.3/Drivers/STM32G4xx_HAL_Driver/Src/stm32g4xx_hal_pwr_ex.c.obj
 .comment       0x00000043       0x44 cmake/stm32cubemx/CMakeFiles/STM32_Drivers.dir/C_/Users/david/STM32Cube/Repository/STM32Cube_FW_G4_V1.6.3/Drivers/STM32G4xx_HAL_Driver/Src/stm32g4xx_hal_cortex.c.obj
 .comment       0x00000043       0x44 cmake/stm32cubemx/CMakeFiles/STM32_Drivers.dir/C_/Users/david/STM32Cube/Repository/STM32Cube_FW_G4_V1.6.3/Drivers/STM32G4xx_HAL_Driver/Src/stm32g4xx_hal_fdcan.c.obj
 .comment       0x00000043       0x44 cmake/stm32cubemx/CMakeFiles/STM32_Drivers.dir/C_/Users/david/STM32Cube/Repository/STM32Cube_FW_G4_V1.6.3/Drivers/STM32G4xx_HAL_Driver/Src/stm32g4xx_hal_uart.c.obj
 .comment       0x00000043       0x44 cmake/stm32cubemx/CMakeFiles/STM32_Drivers.dir/C_/Users/david/STM32Cube/Repository/STM32Cube_FW_G4_V1.6.3/Drivers/BSP/STM32G4xx_Nucleo/stm32g4xx_nucleo.c.obj
 .comment       0x00000043       0x44 CMakeFiles/VCU.dir/Core/Src/main.c.obj
 .comment       0x00000043       0x44 CMakeFiles/VCU.dir/Core/Src/gpio.c.obj
 .comment       0x00000043       0x44 CMakeFiles/VCU.dir/Core/Src/adc.c.obj
 .comment       0x00000043       0x44 CMakeFiles/VCU.dir/Core/Src/fdcan.c.obj
 .comment       0x00000043       0x44 CMakeFiles/VCU.dir/Core/Src/stm32g4xx_it.c.obj
 .comment       0x00000043       0x44 CMakeFiles/VCU.dir/Core/Src/stm32g4xx_hal_msp.c.obj
 .comment       0x00000043       0x44 C:/ST/STM32CubeCLT_1.19.0/GNU-tools-for-STM32/bin/../lib/gcc/arm-none-eabi/13.3.1/../../../../arm-none-eabi/lib/thumb/v7e-m+fp/hard\libg_nano.a(libc_a-memset.o)
 .comment       0x00000043       0x44 C:/ST/STM32CubeCLT_1.19.0/GNU-tools-for-STM32/bin/../lib/gcc/arm-none-eabi/13.3.1/../../../../arm-none-eabi/lib/thumb/v7e-m+fp/hard\libg_nano.a(libc_a-init.o)

.debug_info     0x00000000    0x144f8
 .debug_info    0x00000000      0x58e cmake/stm32cubemx/CMakeFiles/STM32_Drivers.dir/__/__/Core/Src/system_stm32g4xx.c.obj
 .debug_info    0x0000058e     0x20c7 cmake/stm32cubemx/CMakeFiles/STM32_Drivers.dir/C_/Users/david/STM32Cube/Repository/STM32Cube_FW_G4_V1.6.3/Drivers/STM32G4xx_HAL_Driver/Src/stm32g4xx_hal_adc.c.obj
 .debug_info    0x00002655     0x1dde cmake/stm32cubemx/CMakeFiles/STM32_Drivers.dir/C_/Users/david/STM32Cube/Repository/STM32Cube_FW_G4_V1.6.3/Drivers/STM32G4xx_HAL_Driver/Src/stm32g4xx_hal_adc_ex.c.obj
 .debug_info    0x00004433      0xbcf cmake/stm32cubemx/CMakeFiles/STM32_Drivers.dir/C_/Users/david/STM32Cube/Repository/STM32Cube_FW_G4_V1.6.3/Drivers/STM32G4xx_HAL_Driver/Src/stm32g4xx_hal.c.obj
 .debug_info    0x00005002      0xc2c cmake/stm32cubemx/CMakeFiles/STM32_Drivers.dir/C_/Users/david/STM32Cube/Repository/STM32Cube_FW_G4_V1.6.3/Drivers/STM32G4xx_HAL_Driver/Src/stm32g4xx_hal_rcc.c.obj
 .debug_info    0x00005c2e      0xc90 cmake/stm32cubemx/CMakeFiles/STM32_Drivers.dir/C_/Users/david/STM32Cube/Repository/STM32Cube_FW_G4_V1.6.3/Drivers/STM32G4xx_HAL_Driver/Src/stm32g4xx_hal_rcc_ex.c.obj
 .debug_info    0x000068be      0x7a3 cmake/stm32cubemx/CMakeFiles/STM32_Drivers.dir/C_/Users/david/STM32Cube/Repository/STM32Cube_FW_G4_V1.6.3/Drivers/STM32G4xx_HAL_Driver/Src/stm32g4xx_hal_gpio.c.obj
 .debug_info    0x00007061      0x692 cmake/stm32cubemx/CMakeFiles/STM32_Drivers.dir/C_/Users/david/STM32Cube/Repository/STM32Cube_FW_G4_V1.6.3/Drivers/STM32G4xx_HAL_Driver/Src/stm32g4xx_hal_exti.c.obj
 .debug_info    0x000076f3      0x962 cmake/stm32cubemx/CMakeFiles/STM32_Drivers.dir/C_/Users/david/STM32Cube/Repository/STM32Cube_FW_G4_V1.6.3/Drivers/STM32G4xx_HAL_Driver/Src/stm32g4xx_hal_pwr_ex.c.obj
 .debug_info    0x00008055      0xe2e cmake/stm32cubemx/CMakeFiles/STM32_Drivers.dir/C_/Users/david/STM32Cube/Repository/STM32Cube_FW_G4_V1.6.3/Drivers/STM32G4xx_HAL_Driver/Src/stm32g4xx_hal_cortex.c.obj
 .debug_info    0x00008e83     0x18d7 cmake/stm32cubemx/CMakeFiles/STM32_Drivers.dir/C_/Users/david/STM32Cube/Repository/STM32Cube_FW_G4_V1.6.3/Drivers/STM32G4xx_HAL_Driver/Src/stm32g4xx_hal_fdcan.c.obj
 .debug_info    0x0000a75a     0x4867 cmake/stm32cubemx/CMakeFiles/STM32_Drivers.dir/C_/Users/david/STM32Cube/Repository/STM32Cube_FW_G4_V1.6.3/Drivers/STM32G4xx_HAL_Driver/Src/stm32g4xx_hal_uart.c.obj
 .debug_info    0x0000efc1     0x1762 cmake/stm32cubemx/CMakeFiles/STM32_Drivers.dir/C_/Users/david/STM32Cube/Repository/STM32Cube_FW_G4_V1.6.3/Drivers/BSP/STM32G4xx_Nucleo/stm32g4xx_nucleo.c.obj
 .debug_info    0x00010723      0x57a CMakeFiles/VCU.dir/Core/Src/main.c.obj
 .debug_info    0x00010c9d      0x48b CMakeFiles/VCU.dir/Core/Src/gpio.c.obj
 .debug_info    0x00011128     0x12c0 CMakeFiles/VCU.dir/Core/Src/adc.c.obj
 .debug_info    0x000123e8      0xe69 CMakeFiles/VCU.dir/Core/Src/fdcan.c.obj
 .debug_info    0x00013251      0xdab CMakeFiles/VCU.dir/Core/Src/stm32g4xx_it.c.obj
 .debug_info    0x00013ffc      0x2e1 CMakeFiles/VCU.dir/Core/Src/stm32g4xx_hal_msp.c.obj
 .debug_info    0x000142dd       0x30 CMakeFiles/VCU.dir/startup_stm32g474xx.s.obj
 .debug_info    0x0001430d       0xe0 C:/ST/STM32CubeCLT_1.19.0/GNU-tools-for-STM32/bin/../lib/gcc/arm-none-eabi/13.3.1/../../../../arm-none-eabi/lib/thumb/v7e-m+fp/hard\libg_nano.a(libc_a-memset.o)
 .debug_info    0x000143ed      0x10b C:/ST/STM32CubeCLT_1.19.0/GNU-tools-for-STM32/bin/../lib/gcc/arm-none-eabi/13.3.1/../../../../arm-none-eabi/lib/thumb/v7e-m+fp/hard\libg_nano.a(libc_a-init.o)

.debug_abbrev   0x00000000     0x2a1c
 .debug_abbrev  0x00000000      0x11a cmake/stm32cubemx/CMakeFiles/STM32_Drivers.dir/__/__/Core/Src/system_stm32g4xx.c.obj
 .debug_abbrev  0x0000011a      0x2b2 cmake/stm32cubemx/CMakeFiles/STM32_Drivers.dir/C_/Users/david/STM32Cube/Repository/STM32Cube_FW_G4_V1.6.3/Drivers/STM32G4xx_HAL_Driver/Src/stm32g4xx_hal_adc.c.obj
 .debug_abbrev  0x000003cc      0x2cd cmake/stm32cubemx/CMakeFiles/STM32_Drivers.dir/C_/Users/david/STM32Cube/Repository/STM32Cube_FW_G4_V1.6.3/Drivers/STM32G4xx_HAL_Driver/Src/stm32g4xx_hal_adc_ex.c.obj
 .debug_abbrev  0x00000699      0x25d cmake/stm32cubemx/CMakeFiles/STM32_Drivers.dir/C_/Users/david/STM32Cube/Repository/STM32Cube_FW_G4_V1.6.3/Drivers/STM32G4xx_HAL_Driver/Src/stm32g4xx_hal.c.obj
 .debug_abbrev  0x000008f6      0x2ae cmake/stm32cubemx/CMakeFiles/STM32_Drivers.dir/C_/Users/david/STM32Cube/Repository/STM32Cube_FW_G4_V1.6.3/Drivers/STM32G4xx_HAL_Driver/Src/stm32g4xx_hal_rcc.c.obj
 .debug_abbrev  0x00000ba4      0x261 cmake/stm32cubemx/CMakeFiles/STM32_Drivers.dir/C_/Users/david/STM32Cube/Repository/STM32Cube_FW_G4_V1.6.3/Drivers/STM32G4xx_HAL_Driver/Src/stm32g4xx_hal_rcc_ex.c.obj
 .debug_abbrev  0x00000e05      0x1ef cmake/stm32cubemx/CMakeFiles/STM32_Drivers.dir/C_/Users/david/STM32Cube/Repository/STM32Cube_FW_G4_V1.6.3/Drivers/STM32G4xx_HAL_Driver/Src/stm32g4xx_hal_gpio.c.obj
 .debug_abbrev  0x00000ff4      0x1b2 cmake/stm32cubemx/CMakeFiles/STM32_Drivers.dir/C_/Users/david/STM32Cube/Repository/STM32Cube_FW_G4_V1.6.3/Drivers/STM32G4xx_HAL_Driver/Src/stm32g4xx_hal_exti.c.obj
 .debug_abbrev  0x000011a6      0x266 cmake/stm32cubemx/CMakeFiles/STM32_Drivers.dir/C_/Users/david/STM32Cube/Repository/STM32Cube_FW_G4_V1.6.3/Drivers/STM32G4xx_HAL_Driver/Src/stm32g4xx_hal_pwr_ex.c.obj
 .debug_abbrev  0x0000140c      0x338 cmake/stm32cubemx/CMakeFiles/STM32_Drivers.dir/C_/Users/david/STM32Cube/Repository/STM32Cube_FW_G4_V1.6.3/Drivers/STM32G4xx_HAL_Driver/Src/stm32g4xx_hal_cortex.c.obj
 .debug_abbrev  0x00001744      0x202 cmake/stm32cubemx/CMakeFiles/STM32_Drivers.dir/C_/Users/david/STM32Cube/Repository/STM32Cube_FW_G4_V1.6.3/Drivers/STM32G4xx_HAL_Driver/Src/stm32g4xx_hal_fdcan.c.obj
 .debug_abbrev  0x00001946      0x31b cmake/stm32cubemx/CMakeFiles/STM32_Drivers.dir/C_/Users/david/STM32Cube/Repository/STM32Cube_FW_G4_V1.6.3/Drivers/STM32G4xx_HAL_Driver/Src/stm32g4xx_hal_uart.c.obj
 .debug_abbrev  0x00001c61      0x2fb cmake/stm32cubemx/CMakeFiles/STM32_Drivers.dir/C_/Users/david/STM32Cube/Repository/STM32Cube_FW_G4_V1.6.3/Drivers/BSP/STM32G4xx_Nucleo/stm32g4xx_nucleo.c.obj
 .debug_abbrev  0x00001f5c      0x1a2 CMakeFiles/VCU.dir/Core/Src/main.c.obj
 .debug_abbrev  0x000020fe      0x159 CMakeFiles/VCU.dir/Core/Src/gpio.c.obj
 .debug_abbrev  0x00002257      0x1fb CMakeFiles/VCU.dir/Core/Src/adc.c.obj
 .debug_abbrev  0x00002452      0x1d9 CMakeFiles/VCU.dir/Core/Src/fdcan.c.obj
 .debug_abbrev  0x0000262b      0x18d CMakeFiles/VCU.dir/Core/Src/stm32g4xx_it.c.obj
 .debug_abbrev  0x000027b8       0xd9 CMakeFiles/VCU.dir/Core/Src/stm32g4xx_hal_msp.c.obj
 .debug_abbrev  0x00002891       0x24 CMakeFiles/VCU.dir/startup_stm32g474xx.s.obj
 .debug_abbrev  0x000028b5       0x9e C:/ST/STM32CubeCLT_1.19.0/GNU-tools-for-STM32/bin/../lib/gcc/arm-none-eabi/13.3.1/../../../../arm-none-eabi/lib/thumb/v7e-m+fp/hard\libg_nano.a(libc_a-memset.o)
 .debug_abbrev  0x00002953       0xc9 C:/ST/STM32CubeCLT_1.19.0/GNU-tools-for-STM32/bin/../lib/gcc/arm-none-eabi/13.3.1/../../../../arm-none-eabi/lib/thumb/v7e-m+fp/hard\libg_nano.a(libc_a-init.o)

.debug_aranges  0x00000000     0x10c8
 .debug_aranges
                0x00000000       0x28 cmake/stm32cubemx/CMakeFiles/STM32_Drivers.dir/__/__/Core/Src/system_stm32g4xx.c.obj
 .debug_aranges
                0x00000028      0x250 cmake/stm32cubemx/CMakeFiles/STM32_Drivers.dir/C_/Users/david/STM32Cube/Repository/STM32Cube_FW_G4_V1.6.3/Drivers/STM32G4xx_HAL_Driver/Src/stm32g4xx_hal_adc.c.obj
 .debug_aranges
                0x00000278      0x1c8 cmake/stm32cubemx/CMakeFiles/STM32_Drivers.dir/C_/Users/david/STM32Cube/Repository/STM32Cube_FW_G4_V1.6.3/Drivers/STM32G4xx_HAL_Driver/Src/stm32g4xx_hal_adc_ex.c.obj
 .debug_aranges
                0x00000440      0x148 cmake/stm32cubemx/CMakeFiles/STM32_Drivers.dir/C_/Users/david/STM32Cube/Repository/STM32Cube_FW_G4_V1.6.3/Drivers/STM32G4xx_HAL_Driver/Src/stm32g4xx_hal.c.obj
 .debug_aranges
                0x00000588       0x98 cmake/stm32cubemx/CMakeFiles/STM32_Drivers.dir/C_/Users/david/STM32Cube/Repository/STM32Cube_FW_G4_V1.6.3/Drivers/STM32G4xx_HAL_Driver/Src/stm32g4xx_hal_rcc.c.obj
 .debug_aranges
                0x00000620       0xb0 cmake/stm32cubemx/CMakeFiles/STM32_Drivers.dir/C_/Users/david/STM32Cube/Repository/STM32Cube_FW_G4_V1.6.3/Drivers/STM32G4xx_HAL_Driver/Src/stm32g4xx_hal_rcc_ex.c.obj
 .debug_aranges
                0x000006d0       0x58 cmake/stm32cubemx/CMakeFiles/STM32_Drivers.dir/C_/Users/david/STM32Cube/Repository/STM32Cube_FW_G4_V1.6.3/Drivers/STM32G4xx_HAL_Driver/Src/stm32g4xx_hal_gpio.c.obj
 .debug_aranges
                0x00000728       0x60 cmake/stm32cubemx/CMakeFiles/STM32_Drivers.dir/C_/Users/david/STM32Cube/Repository/STM32Cube_FW_G4_V1.6.3/Drivers/STM32G4xx_HAL_Driver/Src/stm32g4xx_hal_exti.c.obj
 .debug_aranges
                0x00000788      0x140 cmake/stm32cubemx/CMakeFiles/STM32_Drivers.dir/C_/Users/david/STM32Cube/Repository/STM32Cube_FW_G4_V1.6.3/Drivers/STM32G4xx_HAL_Driver/Src/stm32g4xx_hal_pwr_ex.c.obj
 .debug_aranges
                0x000008c8      0x128 cmake/stm32cubemx/CMakeFiles/STM32_Drivers.dir/C_/Users/david/STM32Cube/Repository/STM32Cube_FW_G4_V1.6.3/Drivers/STM32G4xx_HAL_Driver/Src/stm32g4xx_hal_cortex.c.obj
 .debug_aranges
                0x000009f0      0x208 cmake/stm32cubemx/CMakeFiles/STM32_Drivers.dir/C_/Users/david/STM32Cube/Repository/STM32Cube_FW_G4_V1.6.3/Drivers/STM32G4xx_HAL_Driver/Src/stm32g4xx_hal_fdcan.c.obj
 .debug_aranges
                0x00000bf8      0x248 cmake/stm32cubemx/CMakeFiles/STM32_Drivers.dir/C_/Users/david/STM32Cube/Repository/STM32Cube_FW_G4_V1.6.3/Drivers/STM32G4xx_HAL_Driver/Src/stm32g4xx_hal_uart.c.obj
 .debug_aranges
                0x00000e40       0xc8 cmake/stm32cubemx/CMakeFiles/STM32_Drivers.dir/C_/Users/david/STM32Cube/Repository/STM32Cube_FW_G4_V1.6.3/Drivers/BSP/STM32G4xx_Nucleo/stm32g4xx_nucleo.c.obj
 .debug_aranges
                0x00000f08       0x38 CMakeFiles/VCU.dir/Core/Src/main.c.obj
 .debug_aranges
                0x00000f40       0x20 CMakeFiles/VCU.dir/Core/Src/gpio.c.obj
 .debug_aranges
                0x00000f60       0x38 CMakeFiles/VCU.dir/Core/Src/adc.c.obj
 .debug_aranges
                0x00000f98       0x30 CMakeFiles/VCU.dir/Core/Src/fdcan.c.obj
 .debug_aranges
                0x00000fc8       0x78 CMakeFiles/VCU.dir/Core/Src/stm32g4xx_it.c.obj
 .debug_aranges
                0x00001040       0x20 CMakeFiles/VCU.dir/Core/Src/stm32g4xx_hal_msp.c.obj
 .debug_aranges
                0x00001060       0x28 CMakeFiles/VCU.dir/startup_stm32g474xx.s.obj
 .debug_aranges
                0x00001088       0x20 C:/ST/STM32CubeCLT_1.19.0/GNU-tools-for-STM32/bin/../lib/gcc/arm-none-eabi/13.3.1/../../../../arm-none-eabi/lib/thumb/v7e-m+fp/hard\libg_nano.a(libc_a-memset.o)
 .debug_aranges
                0x000010a8       0x20 C:/ST/STM32CubeCLT_1.19.0/GNU-tools-for-STM32/bin/../lib/gcc/arm-none-eabi/13.3.1/../../../../arm-none-eabi/lib/thumb/v7e-m+fp/hard\libg_nano.a(libc_a-init.o)

.debug_rnglists
                0x00000000      0xcd3
 .debug_rnglists
                0x00000000       0x1a cmake/stm32cubemx/CMakeFiles/STM32_Drivers.dir/__/__/Core/Src/system_stm32g4xx.c.obj
 .debug_rnglists
                0x0000001a      0x1c8 cmake/stm32cubemx/CMakeFiles/STM32_Drivers.dir/C_/Users/david/STM32Cube/Repository/STM32Cube_FW_G4_V1.6.3/Drivers/STM32G4xx_HAL_Driver/Src/stm32g4xx_hal_adc.c.obj
 .debug_rnglists
                0x000001e2      0x166 cmake/stm32cubemx/CMakeFiles/STM32_Drivers.dir/C_/Users/david/STM32Cube/Repository/STM32Cube_FW_G4_V1.6.3/Drivers/STM32G4xx_HAL_Driver/Src/stm32g4xx_hal_adc_ex.c.obj
 .debug_rnglists
                0x00000348       0xf1 cmake/stm32cubemx/CMakeFiles/STM32_Drivers.dir/C_/Users/david/STM32Cube/Repository/STM32Cube_FW_G4_V1.6.3/Drivers/STM32G4xx_HAL_Driver/Src/stm32g4xx_hal.c.obj
 .debug_rnglists
                0x00000439       0x75 cmake/stm32cubemx/CMakeFiles/STM32_Drivers.dir/C_/Users/david/STM32Cube/Repository/STM32Cube_FW_G4_V1.6.3/Drivers/STM32G4xx_HAL_Driver/Src/stm32g4xx_hal_rcc.c.obj
 .debug_rnglists
                0x000004ae       0x87 cmake/stm32cubemx/CMakeFiles/STM32_Drivers.dir/C_/Users/david/STM32Cube/Repository/STM32Cube_FW_G4_V1.6.3/Drivers/STM32G4xx_HAL_Driver/Src/stm32g4xx_hal_rcc_ex.c.obj
 .debug_rnglists
                0x00000535       0x40 cmake/stm32cubemx/CMakeFiles/STM32_Drivers.dir/C_/Users/david/STM32Cube/Repository/STM32Cube_FW_G4_V1.6.3/Drivers/STM32G4xx_HAL_Driver/Src/stm32g4xx_hal_gpio.c.obj
 .debug_rnglists
                0x00000575       0x49 cmake/stm32cubemx/CMakeFiles/STM32_Drivers.dir/C_/Users/david/STM32Cube/Repository/STM32Cube_FW_G4_V1.6.3/Drivers/STM32G4xx_HAL_Driver/Src/stm32g4xx_hal_exti.c.obj
 .debug_rnglists
                0x000005be       0xf1 cmake/stm32cubemx/CMakeFiles/STM32_Drivers.dir/C_/Users/david/STM32Cube/Repository/STM32Cube_FW_G4_V1.6.3/Drivers/STM32G4xx_HAL_Driver/Src/stm32g4xx_hal_pwr_ex.c.obj
 .debug_rnglists
                0x000006af       0xda cmake/stm32cubemx/CMakeFiles/STM32_Drivers.dir/C_/Users/david/STM32Cube/Repository/STM32Cube_FW_G4_V1.6.3/Drivers/STM32G4xx_HAL_Driver/Src/stm32g4xx_hal_cortex.c.obj
 .debug_rnglists
                0x00000789      0x193 cmake/stm32cubemx/CMakeFiles/STM32_Drivers.dir/C_/Users/david/STM32Cube/Repository/STM32Cube_FW_G4_V1.6.3/Drivers/STM32G4xx_HAL_Driver/Src/stm32g4xx_hal_fdcan.c.obj
 .debug_rnglists
                0x0000091c      0x1f9 cmake/stm32cubemx/CMakeFiles/STM32_Drivers.dir/C_/Users/david/STM32Cube/Repository/STM32Cube_FW_G4_V1.6.3/Drivers/STM32G4xx_HAL_Driver/Src/stm32g4xx_hal_uart.c.obj
 .debug_rnglists
                0x00000b15       0x93 cmake/stm32cubemx/CMakeFiles/STM32_Drivers.dir/C_/Users/david/STM32Cube/Repository/STM32Cube_FW_G4_V1.6.3/Drivers/BSP/STM32G4xx_Nucleo/stm32g4xx_nucleo.c.obj
 .debug_rnglists
                0x00000ba8       0x26 CMakeFiles/VCU.dir/Core/Src/main.c.obj
 .debug_rnglists
                0x00000bce       0x14 CMakeFiles/VCU.dir/Core/Src/gpio.c.obj
 .debug_rnglists
                0x00000be2       0x29 CMakeFiles/VCU.dir/Core/Src/adc.c.obj
 .debug_rnglists
                0x00000c0b       0x21 CMakeFiles/VCU.dir/Core/Src/fdcan.c.obj
 .debug_rnglists
                0x00000c2c       0x55 CMakeFiles/VCU.dir/Core/Src/stm32g4xx_it.c.obj
 .debug_rnglists
                0x00000c81       0x13 CMakeFiles/VCU.dir/Core/Src/stm32g4xx_hal_msp.c.obj
 .debug_rnglists
                0x00000c94       0x19 CMakeFiles/VCU.dir/startup_stm32g474xx.s.obj
 .debug_rnglists
                0x00000cad       0x13 C:/ST/STM32CubeCLT_1.19.0/GNU-tools-for-STM32/bin/../lib/gcc/arm-none-eabi/13.3.1/../../../../arm-none-eabi/lib/thumb/v7e-m+fp/hard\libg_nano.a(libc_a-memset.o)
 .debug_rnglists
                0x00000cc0       0x13 C:/ST/STM32CubeCLT_1.19.0/GNU-tools-for-STM32/bin/../lib/gcc/arm-none-eabi/13.3.1/../../../../arm-none-eabi/lib/thumb/v7e-m+fp/hard\libg_nano.a(libc_a-init.o)

.debug_macro    0x00000000    0x28397
 .debug_macro   0x00000000      0x1e7 cmake/stm32cubemx/CMakeFiles/STM32_Drivers.dir/__/__/Core/Src/system_stm32g4xx.c.obj
 .debug_macro   0x000001e7      0xade cmake/stm32cubemx/CMakeFiles/STM32_Drivers.dir/__/__/Core/Src/system_stm32g4xx.c.obj
 .debug_macro   0x00000cc5       0x2e cmake/stm32cubemx/CMakeFiles/STM32_Drivers.dir/__/__/Core/Src/system_stm32g4xx.c.obj
 .debug_macro   0x00000cf3       0x28 cmake/stm32cubemx/CMakeFiles/STM32_Drivers.dir/__/__/Core/Src/system_stm32g4xx.c.obj
 .debug_macro   0x00000d1b       0x22 cmake/stm32cubemx/CMakeFiles/STM32_Drivers.dir/__/__/Core/Src/system_stm32g4xx.c.obj
 .debug_macro   0x00000d3d       0x8e cmake/stm32cubemx/CMakeFiles/STM32_Drivers.dir/__/__/Core/Src/system_stm32g4xx.c.obj
 .debug_macro   0x00000dcb       0x51 cmake/stm32cubemx/CMakeFiles/STM32_Drivers.dir/__/__/Core/Src/system_stm32g4xx.c.obj
 .debug_macro   0x00000e1c      0x103 cmake/stm32cubemx/CMakeFiles/STM32_Drivers.dir/__/__/Core/Src/system_stm32g4xx.c.obj
 .debug_macro   0x00000f1f       0x6a cmake/stm32cubemx/CMakeFiles/STM32_Drivers.dir/__/__/Core/Src/system_stm32g4xx.c.obj
 .debug_macro   0x00000f89      0x1df cmake/stm32cubemx/CMakeFiles/STM32_Drivers.dir/__/__/Core/Src/system_stm32g4xx.c.obj
 .debug_macro   0x00001168       0x1c cmake/stm32cubemx/CMakeFiles/STM32_Drivers.dir/__/__/Core/Src/system_stm32g4xx.c.obj
 .debug_macro   0x00001184       0x22 cmake/stm32cubemx/CMakeFiles/STM32_Drivers.dir/__/__/Core/Src/system_stm32g4xx.c.obj
 .debug_macro   0x000011a6       0xfb cmake/stm32cubemx/CMakeFiles/STM32_Drivers.dir/__/__/Core/Src/system_stm32g4xx.c.obj
 .debug_macro   0x000012a1     0x1011 cmake/stm32cubemx/CMakeFiles/STM32_Drivers.dir/__/__/Core/Src/system_stm32g4xx.c.obj
 .debug_macro   0x000022b2      0x11f cmake/stm32cubemx/CMakeFiles/STM32_Drivers.dir/__/__/Core/Src/system_stm32g4xx.c.obj
 .debug_macro   0x000023d1    0x18b8c cmake/stm32cubemx/CMakeFiles/STM32_Drivers.dir/__/__/Core/Src/system_stm32g4xx.c.obj
 .debug_macro   0x0001af5d       0x6d cmake/stm32cubemx/CMakeFiles/STM32_Drivers.dir/__/__/Core/Src/system_stm32g4xx.c.obj
 .debug_macro   0x0001afca      0x168 cmake/stm32cubemx/CMakeFiles/STM32_Drivers.dir/__/__/Core/Src/system_stm32g4xx.c.obj
 .debug_macro   0x0001b132     0x3558 cmake/stm32cubemx/CMakeFiles/STM32_Drivers.dir/__/__/Core/Src/system_stm32g4xx.c.obj
 .debug_macro   0x0001e68a      0x190 cmake/stm32cubemx/CMakeFiles/STM32_Drivers.dir/__/__/Core/Src/system_stm32g4xx.c.obj
 .debug_macro   0x0001e81a       0x5c cmake/stm32cubemx/CMakeFiles/STM32_Drivers.dir/__/__/Core/Src/system_stm32g4xx.c.obj
 .debug_macro   0x0001e876     0x171f cmake/stm32cubemx/CMakeFiles/STM32_Drivers.dir/__/__/Core/Src/system_stm32g4xx.c.obj
 .debug_macro   0x0001ff95      0x600 cmake/stm32cubemx/CMakeFiles/STM32_Drivers.dir/__/__/Core/Src/system_stm32g4xx.c.obj
 .debug_macro   0x00020595      0x1b6 cmake/stm32cubemx/CMakeFiles/STM32_Drivers.dir/__/__/Core/Src/system_stm32g4xx.c.obj
 .debug_macro   0x0002074b      0x34a cmake/stm32cubemx/CMakeFiles/STM32_Drivers.dir/__/__/Core/Src/system_stm32g4xx.c.obj
 .debug_macro   0x00020a95      0x53c cmake/stm32cubemx/CMakeFiles/STM32_Drivers.dir/__/__/Core/Src/system_stm32g4xx.c.obj
 .debug_macro   0x00020fd1      0x18b cmake/stm32cubemx/CMakeFiles/STM32_Drivers.dir/__/__/Core/Src/system_stm32g4xx.c.obj
 .debug_macro   0x0002115c       0x43 cmake/stm32cubemx/CMakeFiles/STM32_Drivers.dir/__/__/Core/Src/system_stm32g4xx.c.obj
 .debug_macro   0x0002119f      0x23d cmake/stm32cubemx/CMakeFiles/STM32_Drivers.dir/__/__/Core/Src/system_stm32g4xx.c.obj
 .debug_macro   0x000213dc     0x1111 cmake/stm32cubemx/CMakeFiles/STM32_Drivers.dir/__/__/Core/Src/system_stm32g4xx.c.obj
 .debug_macro   0x000224ed      0x72e cmake/stm32cubemx/CMakeFiles/STM32_Drivers.dir/__/__/Core/Src/system_stm32g4xx.c.obj
 .debug_macro   0x00022c1b      0x391 cmake/stm32cubemx/CMakeFiles/STM32_Drivers.dir/__/__/Core/Src/system_stm32g4xx.c.obj
 .debug_macro   0x00022fac      0x211 cmake/stm32cubemx/CMakeFiles/STM32_Drivers.dir/__/__/Core/Src/system_stm32g4xx.c.obj
 .debug_macro   0x000231bd      0x6bd cmake/stm32cubemx/CMakeFiles/STM32_Drivers.dir/__/__/Core/Src/system_stm32g4xx.c.obj
 .debug_macro   0x0002387a      0x45c cmake/stm32cubemx/CMakeFiles/STM32_Drivers.dir/__/__/Core/Src/system_stm32g4xx.c.obj
 .debug_macro   0x00023cd6      0x11c cmake/stm32cubemx/CMakeFiles/STM32_Drivers.dir/__/__/Core/Src/system_stm32g4xx.c.obj
 .debug_macro   0x00023df2      0x122 cmake/stm32cubemx/CMakeFiles/STM32_Drivers.dir/__/__/Core/Src/system_stm32g4xx.c.obj
 .debug_macro   0x00023f14      0x3d1 cmake/stm32cubemx/CMakeFiles/STM32_Drivers.dir/__/__/Core/Src/system_stm32g4xx.c.obj
 .debug_macro   0x000242e5      0x693 cmake/stm32cubemx/CMakeFiles/STM32_Drivers.dir/__/__/Core/Src/system_stm32g4xx.c.obj
 .debug_macro   0x00024978       0xa6 cmake/stm32cubemx/CMakeFiles/STM32_Drivers.dir/__/__/Core/Src/system_stm32g4xx.c.obj
 .debug_macro   0x00024a1e      0x358 cmake/stm32cubemx/CMakeFiles/STM32_Drivers.dir/__/__/Core/Src/system_stm32g4xx.c.obj
 .debug_macro   0x00024d76      0x204 cmake/stm32cubemx/CMakeFiles/STM32_Drivers.dir/C_/Users/david/STM32Cube/Repository/STM32Cube_FW_G4_V1.6.3/Drivers/STM32G4xx_HAL_Driver/Src/stm32g4xx_hal_adc.c.obj
 .debug_macro   0x00024f7a      0x1f3 cmake/stm32cubemx/CMakeFiles/STM32_Drivers.dir/C_/Users/david/STM32Cube/Repository/STM32Cube_FW_G4_V1.6.3/Drivers/STM32G4xx_HAL_Driver/Src/stm32g4xx_hal_adc_ex.c.obj
 .debug_macro   0x0002516d      0x235 cmake/stm32cubemx/CMakeFiles/STM32_Drivers.dir/C_/Users/david/STM32Cube/Repository/STM32Cube_FW_G4_V1.6.3/Drivers/STM32G4xx_HAL_Driver/Src/stm32g4xx_hal.c.obj
 .debug_macro   0x000253a2      0x229 cmake/stm32cubemx/CMakeFiles/STM32_Drivers.dir/C_/Users/david/STM32Cube/Repository/STM32Cube_FW_G4_V1.6.3/Drivers/STM32G4xx_HAL_Driver/Src/stm32g4xx_hal_rcc.c.obj
 .debug_macro   0x000255cb      0x211 cmake/stm32cubemx/CMakeFiles/STM32_Drivers.dir/C_/Users/david/STM32Cube/Repository/STM32Cube_FW_G4_V1.6.3/Drivers/STM32G4xx_HAL_Driver/Src/stm32g4xx_hal_rcc_ex.c.obj
 .debug_macro   0x000257dc      0x1ee cmake/stm32cubemx/CMakeFiles/STM32_Drivers.dir/C_/Users/david/STM32Cube/Repository/STM32Cube_FW_G4_V1.6.3/Drivers/STM32G4xx_HAL_Driver/Src/stm32g4xx_hal_gpio.c.obj
 .debug_macro   0x000259ca      0x1f3 cmake/stm32cubemx/CMakeFiles/STM32_Drivers.dir/C_/Users/david/STM32Cube/Repository/STM32Cube_FW_G4_V1.6.3/Drivers/STM32G4xx_HAL_Driver/Src/stm32g4xx_hal_exti.c.obj
 .debug_macro   0x00025bbd      0x211 cmake/stm32cubemx/CMakeFiles/STM32_Drivers.dir/C_/Users/david/STM32Cube/Repository/STM32Cube_FW_G4_V1.6.3/Drivers/STM32G4xx_HAL_Driver/Src/stm32g4xx_hal_pwr_ex.c.obj
 .debug_macro   0x00025dce      0x1e7 cmake/stm32cubemx/CMakeFiles/STM32_Drivers.dir/C_/Users/david/STM32Cube/Repository/STM32Cube_FW_G4_V1.6.3/Drivers/STM32G4xx_HAL_Driver/Src/stm32g4xx_hal_cortex.c.obj
 .debug_macro   0x00025fb5      0x2f9 cmake/stm32cubemx/CMakeFiles/STM32_Drivers.dir/C_/Users/david/STM32Cube/Repository/STM32Cube_FW_G4_V1.6.3/Drivers/STM32G4xx_HAL_Driver/Src/stm32g4xx_hal_fdcan.c.obj
 .debug_macro   0x000262ae      0x212 cmake/stm32cubemx/CMakeFiles/STM32_Drivers.dir/C_/Users/david/STM32Cube/Repository/STM32Cube_FW_G4_V1.6.3/Drivers/STM32G4xx_HAL_Driver/Src/stm32g4xx_hal_uart.c.obj
 .debug_macro   0x000264c0      0x214 cmake/stm32cubemx/CMakeFiles/STM32_Drivers.dir/C_/Users/david/STM32Cube/Repository/STM32Cube_FW_G4_V1.6.3/Drivers/BSP/STM32G4xx_Nucleo/stm32g4xx_nucleo.c.obj
 .debug_macro   0x000266d4       0x52 cmake/stm32cubemx/CMakeFiles/STM32_Drivers.dir/C_/Users/david/STM32Cube/Repository/STM32Cube_FW_G4_V1.6.3/Drivers/BSP/STM32G4xx_Nucleo/stm32g4xx_nucleo.c.obj
 .debug_macro   0x00026726       0x1c cmake/stm32cubemx/CMakeFiles/STM32_Drivers.dir/C_/Users/david/STM32Cube/Repository/STM32Cube_FW_G4_V1.6.3/Drivers/BSP/STM32G4xx_Nucleo/stm32g4xx_nucleo.c.obj
 .debug_macro   0x00026742      0x100 cmake/stm32cubemx/CMakeFiles/STM32_Drivers.dir/C_/Users/david/STM32Cube/Repository/STM32Cube_FW_G4_V1.6.3/Drivers/BSP/STM32G4xx_Nucleo/stm32g4xx_nucleo.c.obj
 .debug_macro   0x00026842      0x302 CMakeFiles/VCU.dir/Core/Src/main.c.obj
 .debug_macro   0x00026b44       0x22 CMakeFiles/VCU.dir/Core/Src/main.c.obj
 .debug_macro   0x00026b66       0x74 CMakeFiles/VCU.dir/Core/Src/main.c.obj
 .debug_macro   0x00026bda       0x2a CMakeFiles/VCU.dir/Core/Src/main.c.obj
 .debug_macro   0x00026c04       0x3c CMakeFiles/VCU.dir/Core/Src/main.c.obj
 .debug_macro   0x00026c40       0x34 CMakeFiles/VCU.dir/Core/Src/main.c.obj
 .debug_macro   0x00026c74       0x16 CMakeFiles/VCU.dir/Core/Src/main.c.obj
 .debug_macro   0x00026c8a       0x3c CMakeFiles/VCU.dir/Core/Src/main.c.obj
 .debug_macro   0x00026cc6      0x370 CMakeFiles/VCU.dir/Core/Src/main.c.obj
 .debug_macro   0x00027036       0x10 CMakeFiles/VCU.dir/Core/Src/main.c.obj
 .debug_macro   0x00027046       0x16 CMakeFiles/VCU.dir/Core/Src/main.c.obj
 .debug_macro   0x0002705c       0x4a CMakeFiles/VCU.dir/Core/Src/main.c.obj
 .debug_macro   0x000270a6       0x34 CMakeFiles/VCU.dir/Core/Src/main.c.obj
 .debug_macro   0x000270da       0x10 CMakeFiles/VCU.dir/Core/Src/main.c.obj
 .debug_macro   0x000270ea       0x58 CMakeFiles/VCU.dir/Core/Src/main.c.obj
 .debug_macro   0x00027142      0x1e5 CMakeFiles/VCU.dir/Core/Src/main.c.obj
 .debug_macro   0x00027327       0x16 CMakeFiles/VCU.dir/Core/Src/main.c.obj
 .debug_macro   0x0002733d       0x16 CMakeFiles/VCU.dir/Core/Src/main.c.obj
 .debug_macro   0x00027353      0x170 CMakeFiles/VCU.dir/Core/Src/main.c.obj
 .debug_macro   0x000274c3       0x4c CMakeFiles/VCU.dir/Core/Src/main.c.obj
 .debug_macro   0x0002750f      0x2ea CMakeFiles/VCU.dir/Core/Src/gpio.c.obj
 .debug_macro   0x000277f9      0x2ea CMakeFiles/VCU.dir/Core/Src/adc.c.obj
 .debug_macro   0x00027ae3      0x2ea CMakeFiles/VCU.dir/Core/Src/fdcan.c.obj
 .debug_macro   0x00027dcd      0x2ea CMakeFiles/VCU.dir/Core/Src/stm32g4xx_it.c.obj
 .debug_macro   0x000280b7      0x2e0 CMakeFiles/VCU.dir/Core/Src/stm32g4xx_hal_msp.c.obj

.debug_line     0x00000000    0x157c0
 .debug_line    0x00000000      0x771 cmake/stm32cubemx/CMakeFiles/STM32_Drivers.dir/__/__/Core/Src/system_stm32g4xx.c.obj
 .debug_line    0x00000771     0x2ba3 cmake/stm32cubemx/CMakeFiles/STM32_Drivers.dir/C_/Users/david/STM32Cube/Repository/STM32Cube_FW_G4_V1.6.3/Drivers/STM32G4xx_HAL_Driver/Src/stm32g4xx_hal_adc.c.obj
 .debug_line    0x00003314     0x231f cmake/stm32cubemx/CMakeFiles/STM32_Drivers.dir/C_/Users/david/STM32Cube/Repository/STM32Cube_FW_G4_V1.6.3/Drivers/STM32G4xx_HAL_Driver/Src/stm32g4xx_hal_adc_ex.c.obj
 .debug_line    0x00005633      0xbb5 cmake/stm32cubemx/CMakeFiles/STM32_Drivers.dir/C_/Users/david/STM32Cube/Repository/STM32Cube_FW_G4_V1.6.3/Drivers/STM32G4xx_HAL_Driver/Src/stm32g4xx_hal.c.obj
 .debug_line    0x000061e8     0x1231 cmake/stm32cubemx/CMakeFiles/STM32_Drivers.dir/C_/Users/david/STM32Cube/Repository/STM32Cube_FW_G4_V1.6.3/Drivers/STM32G4xx_HAL_Driver/Src/stm32g4xx_hal_rcc.c.obj
 .debug_line    0x00007419     0x1542 cmake/stm32cubemx/CMakeFiles/STM32_Drivers.dir/C_/Users/david/STM32Cube/Repository/STM32Cube_FW_G4_V1.6.3/Drivers/STM32G4xx_HAL_Driver/Src/stm32g4xx_hal_rcc_ex.c.obj
 .debug_line    0x0000895b      0xcb7 cmake/stm32cubemx/CMakeFiles/STM32_Drivers.dir/C_/Users/david/STM32Cube/Repository/STM32Cube_FW_G4_V1.6.3/Drivers/STM32G4xx_HAL_Driver/Src/stm32g4xx_hal_gpio.c.obj
 .debug_line    0x00009612      0xbf4 cmake/stm32cubemx/CMakeFiles/STM32_Drivers.dir/C_/Users/david/STM32Cube/Repository/STM32Cube_FW_G4_V1.6.3/Drivers/STM32G4xx_HAL_Driver/Src/stm32g4xx_hal_exti.c.obj
 .debug_line    0x0000a206      0xdfe cmake/stm32cubemx/CMakeFiles/STM32_Drivers.dir/C_/Users/david/STM32Cube/Repository/STM32Cube_FW_G4_V1.6.3/Drivers/STM32G4xx_HAL_Driver/Src/stm32g4xx_hal_pwr_ex.c.obj